
> shipwright-cli@3.3.0 test
> bash scripts/sw-agi-roadmap-test.sh && bash scripts/sw-activity-test.sh && bash scripts/sw-adaptive-test.sh && bash scripts/sw-adversarial-test.sh && bash scripts/sw-architecture-enforcer-test.sh && bash scripts/sw-auth-test.sh && bash scripts/sw-autonomous-test.sh && bash scripts/sw-changelog-test.sh && bash scripts/sw-checkpoint-test.sh && bash scripts/sw-ci-test.sh && bash scripts/sw-cleanup-test.sh && bash scripts/sw-code-review-test.sh && bash scripts/sw-connect-test.sh && bash scripts/sw-context-budget-test.sh && bash scripts/sw-context-test.sh && bash scripts/sw-cost-test.sh && bash scripts/sw-daemon-test.sh && bash scripts/sw-dashboard-test.sh && bash scripts/sw-db-test.sh && bash scripts/sw-decompose-test.sh && bash scripts/sw-decide-test.sh && bash scripts/sw-deps-test.sh && bash scripts/sw-developer-simulation-test.sh && bash scripts/sw-discovery-test.sh && bash scripts/sw-doc-fleet-test.sh && bash scripts/sw-docs-agent-test.sh && bash scripts/sw-docs-test.sh && bash scripts/sw-doctor-test.sh && bash scripts/sw-dora-test.sh && bash scripts/sw-durable-test.sh && bash scripts/sw-e2e-orchestrator-test.sh && bash scripts/sw-eventbus-test.sh && bash scripts/sw-feedback-test.sh && bash scripts/sw-success-patterns-test.sh && bash scripts/sw-outcome-feedback-test.sh && bash scripts/sw-fix-test.sh && bash scripts/sw-fleet-discover-test.sh && bash scripts/sw-fleet-test.sh && bash scripts/sw-fleet-viz-test.sh && bash scripts/sw-frontier-test.sh && bash scripts/sw-github-app-test.sh && bash scripts/sw-github-checks-test.sh && bash scripts/sw-github-deploy-test.sh && bash scripts/sw-github-graphql-test.sh && bash scripts/sw-guild-test.sh && bash scripts/sw-heartbeat-test.sh && bash scripts/sw-hello-test.sh && bash scripts/sw-hygiene-test.sh && bash scripts/sw-incident-test.sh && bash scripts/sw-init-test.sh && bash scripts/sw-instrument-test.sh && bash scripts/sw-intelligence-test.sh && bash scripts/sw-jira-test.sh && bash scripts/sw-launchd-test.sh && bash scripts/sw-linear-test.sh && bash scripts/sw-logs-test.sh && bash scripts/sw-loop-test.sh && bash scripts/sw-memory-test.sh && bash scripts/sw-mission-control-test.sh && bash scripts/sw-model-router-test.sh && bash scripts/sw-otel-test.sh && bash scripts/sw-oversight-test.sh && bash scripts/sw-patrol-meta-test.sh && bash scripts/sw-pipeline-composer-test.sh && bash scripts/sw-pipeline-test.sh && bash scripts/sw-pipeline-vitals-test.sh && bash scripts/sw-pm-test.sh && bash scripts/sw-pr-lifecycle-test.sh && bash scripts/sw-predictive-test.sh && bash scripts/sw-prep-test.sh && bash scripts/sw-ps-test.sh && bash scripts/sw-public-dashboard-test.sh && bash scripts/sw-quality-profile-test.sh && bash scripts/sw-quality-test.sh && bash scripts/sw-reaper-test.sh && bash scripts/sw-recruit-test.sh && bash scripts/sw-regression-test.sh && bash scripts/sw-release-manager-test.sh && bash scripts/sw-release-test.sh && bash scripts/sw-root-cause-test.sh && bash scripts/sw-remote-test.sh && bash scripts/sw-replay-test.sh && bash scripts/sw-retro-test.sh && bash scripts/sw-scale-test.sh && bash scripts/sw-stall-detector-test.sh && bash scripts/sw-security-audit-test.sh && bash scripts/sw-self-optimize-test.sh && bash scripts/sw-session-test.sh && bash scripts/sw-setup-test.sh && bash scripts/sw-standup-test.sh && bash scripts/sw-status-test.sh && bash scripts/sw-strategic-test.sh && bash scripts/sw-stream-test.sh && bash scripts/sw-swarm-test.sh && bash scripts/sw-team-stages-test.sh && bash scripts/sw-templates-test.sh && bash scripts/sw-testgen-test.sh && bash scripts/sw-tmux-pipeline-test.sh && bash scripts/sw-tmux-test.sh && bash scripts/sw-trace-test.sh && bash scripts/sw-tracker-test.sh && bash scripts/sw-triage-test.sh && bash scripts/sw-upgrade-test.sh && bash scripts/sw-ux-test.sh && bash scripts/sw-webhook-test.sh && bash scripts/sw-widgets-test.sh && bash scripts/sw-worktree-test.sh && bash scripts/sw-lib-compat-test.sh && bash scripts/sw-lib-helpers-test.sh && bash scripts/sw-lib-error-actionability-test.sh && bash scripts/sw-lib-daemon-dispatch-test.sh && bash scripts/sw-lib-daemon-failure-test.sh && bash scripts/sw-lib-daemon-poll-test.sh && bash scripts/sw-lib-daemon-state-test.sh && bash scripts/sw-lib-daemon-triage-test.sh && bash scripts/sw-lib-daemon-patrol-test.sh && bash scripts/sw-lib-pipeline-detection-test.sh && bash scripts/sw-lib-pipeline-intelligence-test.sh && bash scripts/sw-lib-pipeline-quality-checks-test.sh && bash scripts/sw-lib-pipeline-stages-test.sh && bash scripts/sw-lib-pipeline-state-test.sh && bash scripts/sw-adapters-test.sh && bash scripts/sw-evidence-test.sh && bash scripts/sw-review-rerun-test.sh && bash scripts/sw-tracker-providers-test.sh && bash scripts/sw-budget-chaos-test.sh && bash scripts/sw-chaos-test.sh && bash scripts/sw-autonomous-e2e-test.sh && bash scripts/sw-memory-discovery-e2e-test.sh && bash scripts/sw-policy-e2e-test.sh && bash scripts/sw-e2e-smoke-test.sh && bash scripts/sw-dashboard-e2e-test.sh && bash scripts/sw-reward-aggregator-test.sh && bash scripts/sw-bandit-selector-test.sh && bash scripts/sw-policy-learner-test.sh && bash scripts/sw-autoresearch-e2e-test.sh && bash scripts/sw-test-holdout-test.sh && bash scripts/sw-spec-driven-test.sh && bash scripts/sw-auto-recovery-test.sh


[38;2;168;85;247m[1m╔════════════════════════════════════════════════════════════════╗[0m
[38;2;168;85;247m[1m║  AGI-Roadmap Validation — Real Tests for Every Feature        ║[0m
[38;2;168;85;247m[1m╚════════════════════════════════════════════════════════════════╝[0m

[38;2;168;85;247m[1mPhase 1: Feedback Loops (Discovery, Memory, PM, Failure Learning)[0m
  [38;2;0;212;255m▸[0m Daemon: failure_history initialized in state JSON... [38;2;74;222;128m✓[0m
  [38;2;0;212;255m▸[0m Daemon: consecutive count uses reduce (run-from-newest, not total)... [38;2;74;222;128m✓[0m
  [38;2;0;212;255m▸[0m Daemon: get_max_retries_for_class returns per-class limits... [38;2;74;222;128m✓[0m
  [38;2;0;212;255m▸[0m Daemon: exponential backoff formula 5*2^(n-3) is correct... [38;2;74;222;128m✓[0m
  [38;2;0;212;255m▸[0m Daemon: resume_after parsed in UTC (not local TZ)... [38;2;74;222;128m✓[0m
  [38;2;0;212;255m▸[0m PM: recommend --json flag implemented... [38;2;74;222;128m✓[0m
  [38;2;0;212;255m▸[0m PM: learn subcommand functional... [38;2;74;222;128m✓[0m
  [38;2;0;212;255m▸[0m Daemon: PM recommend/learn wired into triage + success/failure... [38;2;74;222;128m✓[0m
  [38;2;0;212;255m▸[0m Daemon: confidence < 60% upgrades to full template... [38;2;74;222;128m✓[0m

[38;2;168;85;247m[1mPhase 2: Agent Coordination (Feedback, Predictive, Oversight, Autonomous)[0m
  [38;2;0;212;255m▸[0m Feedback: ARTIFACTS_DIR respects caller override... [38;2;74;222;128m✓[0m
  [38;2;0;212;255m▸[0m Feedback: rollback uses PIPESTATUS for correct exit code... [38;2;74;222;128m✓[0m
  [38;2;0;212;255m▸[0m Predictive: anomaly detection returns severity for 5x baseline... [38;2;74;222;128m✓[0m
  [38;2;0;212;255m▸[0m Predictive: inject-prevention command exists and runs... [38;2;74;222;128m✓[0m
  [38;2;0;212;255m▸[0m Pipeline: predictive anomaly/baseline/inject-prevention wired... [38;2;74;222;128m✓[0m
  [38;2;0;212;255m▸[0m Pipeline: memory metric wired into stage completion... [38;2;74;222;128m✓[0m
  [38;2;0;212;255m▸[0m Oversight: gate approves clean review... [38;2;74;222;128m✓[0m
  [38;2;0;212;255m▸[0m Oversight: gate rejects with --reject-if... [38;2;74;222;128m✓[0m
  [38;2;0;212;255m▸[0m Oversight: gate JSON safe from newline/quote injection... [38;2;74;222;128m✓[0m
  [38;2;0;212;255m▸[0m Pipeline: oversight gate wired + respects SKIP_GATES... [38;2;74;222;128m✓[0m
  [38;2;0;212;255m▸[0m Pipeline: feedback collect/create-issue/rollback wired into monitor... [38;2;74;222;128m✓[0m
  [38;2;0;212;255m▸[0m Pipeline: intelligence prediction validation wired... [38;2;74;222;128m✓[0m
  [38;2;0;212;255m▸[0m Pipeline: predictive anomaly confirmation wired... [38;2;74;222;128m✓[0m
  [38;2;0;212;255m▸[0m Pipeline: memory fix-outcome negative path wired... [38;2;74;222;128m✓[0m
  [38;2;0;212;255m▸[0m Triage: offline fallback with recruit... [38;2;74;222;128m✓[0m
  [38;2;0;212;255m▸[0m Recruit: policy integration wired... [38;2;74;222;128m✓[0m
  [38;2;0;212;255m▸[0m Recruit: meta feedback loop... [38;2;74;222;128m✓[0m
  [38;2;0;212;255m▸[0m Recruit: audit (negative-compounding feedback)... [38;2;74;222;128m✓[0m
  [38;2;0;212;255m▸[0m Autonomous: safe recruit_args quoting... [38;2;74;222;128m✓[0m
  [38;2;0;212;255m▸[0m Autonomous: Claude output redirected to findings file... [38;2;74;222;128m✓[0m
  [38;2;0;212;255m▸[0m Autonomous: dual branch check (pipeline + daemon)... [38;2;74;222;128m✓[0m
  [38;2;0;212;255m▸[0m Autonomous: run_scheduler with loop/sleep... [38;2;74;222;128m✓[0m
  [38;2;0;212;255m▸[0m Autonomous: trigger_pipeline_for_finding wired... [38;2;74;222;128m✓[0m
  [38;2;0;212;255m▸[0m Incident: create_hotfix_issue echoes issue number... [38;2;74;222;128m✓[0m
  [38;2;0;212;255m▸[0m Incident: trigger_pipeline wires --template hotfix... [38;2;74;222;128m✓[0m
  [38;2;0;212;255m▸[0m Incident: trigger_rollback wires sw-feedback.sh... [38;2;74;222;128m✓[0m

[38;2;168;85;247m[1mPhase 3: Quality Assurance (Code Review, Testgen, Swarm, Multi-Agent)[0m
  [38;2;0;212;255m▸[0m Code review: run_claude_semantic_review exists... [38;2;74;222;128m✓[0m
  [38;2;0;212;255m▸[0m Code review: semantic findings integrated... [38;2;74;222;128m✓[0m
  [38;2;0;212;255m▸[0m Testgen: Claude prompt asks for real assertions... [38;2;74;222;128m✓[0m
  [38;2;0;212;255m▸[0m Testgen: prompt piped to avoid shell expansion... [38;2;74;222;128m✓[0m
  [38;2;0;212;255m▸[0m Swarm: spawn creates tmux session... [38;2;74;222;128m✓[0m
  [38;2;0;212;255m▸[0m Swarm: retire kills tmux session... [38;2;74;222;128m✓[0m
  [38;2;0;212;255m▸[0m Swarm: spawn/retire functional (real tmux)... [38;2;74;222;128m✓[0m
  [38;2;0;212;255m▸[0m Loop: multi-agent restarts not blocked... [38;2;74;222;128m✓[0m

[38;2;168;85;247m[1mPhase 4: Meta-Cognition (Effectiveness, Self-Awareness, Capability)[0m
  [38;2;0;212;255m▸[0m Pipeline: record_stage_effectiveness creates valid JSONL... [38;2;74;222;128m✓[0m
  [38;2;0;212;255m▸[0m Pipeline: self-awareness hint triggers on >50% failure rate... [38;2;74;222;128m✓[0m
  [38;2;0;212;255m▸[0m Pipeline: effectiveness recorded on both complete and failed... [38;2;74;222;128m✓[0m
  [38;2;0;212;255m▸[0m Pipeline: discovery inject wired... [38;2;74;222;128m✓[0m
  [38;2;0;212;255m▸[0m Pipeline: self-awareness hint injected into plan prompt... [38;2;74;222;128m✓[0m

[38;2;168;85;247m[1mIntegration & Safety[0m
  [38;2;0;212;255m▸[0m CI: integration-claude jobs in workflow... [38;2;74;222;128m✓[0m
  [38;2;0;212;255m▸[0m Integration-claude: skip path functional... [38;2;74;222;128m✓[0m
  [38;2;0;212;255m▸[0m All modified scripts have strict mode... [38;2;74;222;128m✓[0m
  [38;2;0;212;255m▸[0m All modified scripts have ERR trap... [38;2;74;222;128m✓[0m
  [38;2;0;212;255m▸[0m No hardcoded secrets in scripts... [38;2;74;222;128m✓[0m

[2m  ──────────────────────────────────────────[0m

  [38;2;74;222;128m[1mAll 53 tests passed![0m


[38;2;0;212;255m[1m  Shipwright Activity Tests[0m
[2m  ══════════════════════════════════════════[0m

[1m  Script Safety[0m
  [38;2;74;222;128m✓[0m set -euo pipefail present
  [38;2;74;222;128m✓[0m ERR trap present
  [38;2;74;222;128m✓[0m Source guard pattern (if/then/fi)
  [38;2;74;222;128m✓[0m VERSION variable defined

[1m  Help Output[0m
  [38;2;74;222;128m✓[0m help exits 0 and contains USAGE
  [38;2;74;222;128m✓[0m help lists 'watch' subcommand
  [38;2;74;222;128m✓[0m help lists 'snapshot' subcommand
  [38;2;74;222;128m✓[0m help lists 'history' subcommand
  [38;2;74;222;128m✓[0m help lists 'stats' subcommand
  [38;2;74;222;128m✓[0m help lists 'agents' subcommand
  [38;2;74;222;128m✓[0m --help alias works

[1m  Error Handling[0m
shipwright activity — Live agent activity stream

USAGE
  shipwright activity [subcommand] [options]

SUBCOMMANDS
  watch                      Live stream of agent activity (default)
  snapshot                   Current state of all active agents
  history [range]            Replay past activity (e.g., '1h', '10m', 'all')
  stats                      Running counters (events, commits, tests, agents)
  agents                     List known agents and last activity
  help                       Show this help message

OPTIONS
  --type <type>              Filter events by type (e.g., 'stage.completed')
  --agent <name>             Filter by agent name
  --team <name>              Filter by team
  --stage <name>             Filter by pipeline stage (e.g., 'build')

EXAMPLES
  shipwright activity                    # Live stream
  shipwright activity watch --type stage.*  # Only stage events
  shipwright activity history 1h           # Last hour
  shipwright activity snapshot             # Current state
  shipwright activity stats                # Counters
  [38;2;74;222;128m✓[0m Unknown command exits non-zero

[1m  Subcommands Without Events File[0m
  [38;2;74;222;128m✓[0m snapshot exits non-zero with no events
  [38;2;74;222;128m✓[0m stats exits non-zero with no events
  [38;2;74;222;128m✓[0m agents exits non-zero with no events

[1m  Event Emission[0m
  ✓ emit_event creates events.jsonl
  ✓ emit_event writes valid JSON
  ✓ Event contains type field
  ✓ Event contains agent field
  ✓ Event contains numeric count

  Format Helpers
  ✓ get_icon_for_type commit returns icon
  ✓ get_icon_for_type test.passed returns icon
  ✓ get_icon_for_type unknown returns bullet
  ✓ format_timestamp strips T and Z

  Stats With Events
  ✓ stats shows Total Events
  ✓ stats shows Commits count
  ✓ stats shows Pipelines count

  History Subcommand
  ✓ history all shows activity header


  ──────────────────────────────────────────

  All 28 tests passed


[38;2;0;212;255m[1m  Shipwright Adaptive Tests[0m
[2m  ══════════════════════════════════════════[0m

[2m  help / version[0m
  [38;2;74;222;128m✓[0m help exits 0
  [38;2;74;222;128m✓[0m help shows USAGE
  [38;2;74;222;128m✓[0m help shows SUBCOMMANDS
  [38;2;74;222;128m✓[0m help mentions get
  [38;2;74;222;128m✓[0m help mentions train
  [38;2;74;222;128m✓[0m help mentions profile
  [38;2;74;222;128m✓[0m version exits 0
  [38;2;74;222;128m✓[0m version output contains version string

[2m  error handling[0m
  [38;2;74;222;128m✓[0m Unknown command exits non-zero

[2m  get command[0m
  [38;2;74;222;128m✓[0m get timeout with default exits 0

[2m  profile command[0m
  [38;2;74;222;128m✓[0m profile exits 0

[2m  reset command[0m
  [38;2;74;222;128m✓[0m reset exits 0

[2m  script safety[0m
  [38;2;74;222;128m✓[0m Uses set -euo pipefail
  [38;2;74;222;128m✓[0m Has source guard pattern

[2m  statistical functions[0m
  [38;2;74;222;128m✓[0m percentile, mean, median functions defined in source
  [38;2;74;222;128m✓[0m mean returns numeric value (avg of 1-5 is 3)

[2m  get_timeout / get_iterations / get_model[0m
  [38;2;74;222;128m✓[0m get_timeout returns number (default with no events)
  [38;2;74;222;128m✓[0m get_iterations returns number
  [38;2;74;222;128m✓[0m get_model returns valid model name

[2m  train subcommand[0m
  [38;2;74;222;128m✓[0m train subcommand runs with mock events

[2m  ──────────────────────────────────────────[0m

  [38;2;74;222;128m[1mAll 20 tests passed[0m



[38;2;0;212;255m[1m  shipwright adversarial test[0m
[2m  ══════════════════════════════════════════[0m

[2m  ══════════════════════════════════════════[0m

[1m  Script Safety[0m
  [38;2;74;222;128m✓[0m set -euo pipefail present
  [38;2;74;222;128m✓[0m ERR trap present
  [38;2;74;222;128m✓[0m Source guard pattern (if/then/fi)
  [38;2;74;222;128m✓[0m VERSION variable defined

[1m  Help Output[0m
  [38;2;74;222;128m✓[0m help exits 0 and contains USAGE
  [38;2;74;222;128m✓[0m help lists 'review' subcommand
  [38;2;74;222;128m✓[0m help lists 'iterate' subcommand
  [38;2;74;222;128m✓[0m help mentions adversarial_enabled flag
  [38;2;74;222;128m✓[0m --help alias works
  [38;2;74;222;128m✓[0m -h alias works

[1m  Error Handling[0m
  [38;2;74;222;128m✓[0m Unknown command exits non-zero

[1m  Review Subcommand[0m
  [38;2;74;222;128m✓[0m review disabled returns empty JSON array
  [38;2;74;222;128m✓[0m review without diff arg exits non-zero

[1m  Iterate Subcommand[0m
  [38;2;74;222;128m✓[0m iterate without args exits non-zero
  [38;2;74;222;128m✓[0m iterate with empty findings converges
  [38;2;74;222;128m✓[0m iterate past max rounds returns findings

[1m  Configuration[0m
  [38;2;74;222;128m✓[0m ADVERSARIAL_MAX_ROUNDS env var respected
  [38;2;74;222;128m✓[0m disabled config returns empty array

[1m  Event Emission[0m
  [38;2;74;222;128m✓[0m emit_event creates events.jsonl
  [38;2;74;222;128m✓[0m emit_event writes valid JSON
  [38;2;74;222;128m✓[0m Event contains type field




[2m  ──────────────────────────────────────────[0m

  [38;2;74;222;128m[1mAll 0 tests passed[0m



[38;2;0;212;255m[1m  shipwright architecture-enforcer test[0m
[2m  ══════════════════════════════════════════[0m

[2m  ══════════════════════════════════════════[0m

[1m  Script Safety[0m
  [38;2;74;222;128m✓[0m set -euo pipefail present
  [38;2;74;222;128m✓[0m ERR trap present
  [38;2;74;222;128m✓[0m Source guard pattern (if/then/fi)
  [38;2;74;222;128m✓[0m VERSION variable defined

[1m  Help Output[0m
  [38;2;74;222;128m✓[0m help exits 0 and contains USAGE
  [38;2;74;222;128m✓[0m help lists 'build' subcommand
  [38;2;74;222;128m✓[0m help lists 'validate' subcommand
  [38;2;74;222;128m✓[0m help lists 'evolve' subcommand
  [38;2;74;222;128m✓[0m help mentions architecture_enabled flag
  [38;2;74;222;128m✓[0m --help alias works
  [38;2;74;222;128m✓[0m -h alias works

[1m  Error Handling[0m
  [38;2;74;222;128m✓[0m Unknown command exits non-zero

[1m  Build Subcommand[0m
  [38;2;74;222;128m✓[0m build disabled returns empty JSON object
  [38;2;74;222;128m✓[0m build with enabled returns model with layers
  [38;2;74;222;128m✓[0m build model contains patterns array
  [38;2;74;222;128m✓[0m build model contains conventions array

[1m  Validate Subcommand[0m
  [38;2;74;222;128m✓[0m validate disabled returns empty array
  [38;2;74;222;128m✓[0m validate without diff arg exits non-zero
  [38;2;74;222;128m✓[0m validate without model file returns empty array

[1m  Evolve Subcommand[0m
  [38;2;74;222;128m✓[0m evolve disabled exits 0
  [38;2;74;222;128m✓[0m evolve without model exits 0

[1m  Model Storage[0m
  [38;2;74;222;128m✓[0m build stores model in ~/.shipwright/memory/
  [38;2;74;222;128m✓[0m Stored model is valid JSON

[1m  Event Emission[0m
  [38;2;74;222;128m✓[0m emit_event creates events.jsonl
  [38;2;74;222;128m✓[0m emit_event writes valid JSON
  [38;2;74;222;128m✓[0m Event contains type field




[2m  ──────────────────────────────────────────[0m

  [38;2;74;222;128m[1mAll 0 tests passed[0m


[38;2;0;212;255m[1m  Shipwright Auth Tests[0m
[2m  ══════════════════════════════════════════[0m

[1m  Help[0m
  [38;2;74;222;128m✓[0m help shows usage
  [38;2;74;222;128m✓[0m help shows commands
  [38;2;74;222;128m✓[0m --help flag works
  [38;2;74;222;128m✓[0m unknown command shows error
[1m  Status & Users[0m
  [38;2;74;222;128m✓[0m status with no login shows warning
  [38;2;74;222;128m✓[0m users with empty shows warning
  [38;2;74;222;128m✓[0m token with no user errors
  [38;2;74;222;128m✓[0m switch without user exits non-zero
[1m  Auth Storage[0m
  [38;2;74;222;128m✓[0m auth file has users array
  [38;2;74;222;128m✓[0m auth file has active_user
  [38;2;74;222;128m✓[0m users lists stored user
  [38;2;74;222;128m✓[0m token shows stored token
  [38;2;74;222;128m✓[0m user info shows login
  [38;2;74;222;128m✓[0m switch to nonexistent errors
  [38;2;74;222;128m✓[0m logout succeeds

[2m  ──────────────────────────────────────────[0m

  [38;2;74;222;128m[1mAll 15 tests passed[0m



[38;2;0;212;255m[1m  Shipwright Autonomous Tests[0m
[2m  ══════════════════════════════════════════[0m

[2m  ══════════════════════════════════════════[0m

  [38;2;74;222;128m✓[0m help shows usage text
  [38;2;74;222;128m✓[0m help exits 0
  [38;2;74;222;128m✓[0m --help flag works
  [38;2;74;222;128m✓[0m unknown command exits 1
  [38;2;74;222;128m✓[0m start shows running message
  [38;2;74;222;128m✓[0m state.json created after start
  [38;2;74;222;128m✓[0m state status is running
  [38;2;74;222;128m✓[0m config.json created
  [38;2;74;222;128m✓[0m config is valid JSON
  [38;2;74;222;128m✓[0m status shows dashboard
  [38;2;74;222;128m✓[0m pause sets status to paused
  [38;2;74;222;128m✓[0m resume sets status to running
  [38;2;74;222;128m✓[0m stop sets status to stopped
  [38;2;74;222;128m✓[0m config show displays settings
  [38;2;74;222;128m✓[0m config set interval works
  [38;2;74;222;128m✓[0m history handles no data

[1m  Config Set/Show Cycle[0m
  [38;2;74;222;128m✓[0m config show reflects set value
  [38;2;74;222;128m✓[0m config value persists in file

[1m  Config Structure[0m
  [38;2;74;222;128m✓[0m config contains key: cycle_interval_minutes
  [38;2;74;222;128m✓[0m config contains key: max_issues_per_cycle
  [38;2;74;222;128m✓[0m config contains key: daemon_aware

[1m  History With Fixture Events[0m
  [38;2;74;222;128m✓[0m history shows recent cycles
  [38;2;74;222;128m✓[0m history shows cycle entries

[1m  Status Fields[0m
  [38;2;74;222;128m✓[0m status when running includes Status
  [38;2;74;222;128m✓[0m status when running includes Cycles
  [38;2;74;222;128m✓[0m status when running includes Issues Created
  [38;2;74;222;128m✓[0m status when running includes Pipelines
  [38;2;74;222;128m✓[0m status when running includes Cycle Interval
  [38;2;74;222;128m✓[0m status when running shows running
  [38;2;74;222;128m✓[0m status when stopped shows stopped



[2m  ──────────────────────────────────────────[0m

  [38;2;74;222;128m[1mAll 0 tests passed[0m



[38;2;0;212;255m[1m  Shipwright Changelog Tests[0m
[2m  ══════════════════════════════════════════[0m

[2m  ══════════════════════════════════════════[0m

[2m  help / version[0m
  [38;2;74;222;128m✓[0m help exits 0
  [38;2;74;222;128m✓[0m help shows USAGE
  [38;2;74;222;128m✓[0m help mentions generate
  [38;2;74;222;128m✓[0m help mentions preview
  [38;2;74;222;128m✓[0m help mentions version
  [38;2;74;222;128m✓[0m help mentions migrate
  [38;2;74;222;128m✓[0m VERSION variable defined

[2m  error handling[0m
  [38;2;74;222;128m✓[0m Unknown command exits non-zero

[2m  formats command[0m
  [38;2;74;222;128m✓[0m formats exits 0

[2m  generate command[0m
  [38;2;74;222;128m✓[0m generate exits 0

[2m  version command[0m
  [38;2;74;222;128m✓[0m version recommendation exits 0

[2m  script safety[0m
  [38;2;74;222;128m✓[0m Uses set -euo pipefail
  [38;2;74;222;128m✓[0m Has source guard pattern



[2m  ──────────────────────────────────────────[0m

  [38;2;74;222;128m[1mAll 0 tests passed[0m



[38;2;0;212;255m[1m  shipwright checkpoint test[0m
[2m  ══════════════════════════════════════════[0m

[2m  ══════════════════════════════════════════[0m

[1m  Script Safety[0m
  [38;2;74;222;128m✓[0m set -euo pipefail present
  [38;2;74;222;128m✓[0m ERR trap present
  [38;2;74;222;128m✓[0m VERSION variable defined

[1m  Help Output[0m
  [38;2;74;222;128m✓[0m help exits 0 and contains USAGE
  [38;2;74;222;128m✓[0m help lists 'save' subcommand
  [38;2;74;222;128m✓[0m help lists 'restore' subcommand
  [38;2;74;222;128m✓[0m help lists 'list' subcommand
  [38;2;74;222;128m✓[0m help lists 'clear' subcommand
  [38;2;74;222;128m✓[0m help lists 'expire' subcommand
  [38;2;74;222;128m✓[0m --help alias works
  [38;2;74;222;128m✓[0m -h alias works

[1m  Error Handling[0m

shipwright checkpoint v3.3.0 — Save and restore agent state mid-stage

USAGE
  shipwright checkpoint <command> [options]

COMMANDS
  save           Save a checkpoint for a stage
  restore        Restore a checkpoint (prints JSON to stdout)
  save-context   Save Claude context (goal, findings, test output) for resume
  restore-context Restore Claude context (exports RESTORED_* and SW_LOOP_* vars)
  list      Show all available checkpoints
  clear     Remove checkpoint(s)
  expire    Remove checkpoints older than N hours

SAVE OPTIONS
  --stage <name>              Stage name (required)
  --iteration <n>             Current iteration number
  --git-sha <sha>             Git commit SHA (default: HEAD)
  --files-modified "f1,f2"    Comma-separated list of modified files
  --tests-passing             Mark tests as passing
  --loop-state <state>        Loop state (running, paused, etc.)

RESTORE OPTIONS
  --stage <name>              Stage to restore (required)

CLEAR OPTIONS
  --stage <name>              Stage to clear
  --all                       Clear all checkpoints

EXPIRE OPTIONS
  --hours <n>                 Max age in hours (default: 24)

EXAMPLES
  shipwright checkpoint save --stage build --iteration 5
  shipwright checkpoint save --stage build --iteration 3 --tests-passing --files-modified "src/auth.ts,src/middleware.ts"
  shipwright checkpoint restore --stage build
  shipwright checkpoint list
  shipwright checkpoint clear --stage build
  shipwright checkpoint clear --all
  shipwright checkpoint expire --hours 48
  [38;2;74;222;128m✓[0m Unknown command exits non-zero

[1m  Save Subcommand[0m

shipwright checkpoint v3.3.0 — Save and restore agent state mid-stage

USAGE
  shipwright checkpoint <command> [options]

COMMANDS
  save           Save a checkpoint for a stage
  restore        Restore a checkpoint (prints JSON to stdout)
  save-context   Save Claude context (goal, findings, test output) for resume
  restore-context Restore Claude context (exports RESTORED_* and SW_LOOP_* vars)
  list      Show all available checkpoints
  clear     Remove checkpoint(s)
  expire    Remove checkpoints older than N hours

SAVE OPTIONS
  --stage <name>              Stage name (required)
  --iteration <n>             Current iteration number
  --git-sha <sha>             Git commit SHA (default: HEAD)
  --files-modified "f1,f2"    Comma-separated list of modified files
  --tests-passing             Mark tests as passing
  --loop-state <state>        Loop state (running, paused, etc.)

RESTORE OPTIONS
  --stage <name>              Stage to restore (required)

CLEAR OPTIONS
  --stage <name>              Stage to clear
  --all                       Clear all checkpoints

EXPIRE OPTIONS
  --hours <n>                 Max age in hours (default: 24)

EXAMPLES
  shipwright checkpoint save --stage build --iteration 5
  shipwright checkpoint save --stage build --iteration 3 --tests-passing --files-modified "src/auth.ts,src/middleware.ts"
  shipwright checkpoint restore --stage build
  shipwright checkpoint list
  shipwright checkpoint clear --stage build
  shipwright checkpoint clear --all
  shipwright checkpoint expire --hours 48
  [38;2;74;222;128m✓[0m save without --stage exits non-zero
✓ Checkpoint saved for stage build (iteration 5)
  [38;2;74;222;128m✓[0m save creates checkpoint file
  [38;2;74;222;128m✓[0m Checkpoint is valid JSON
  [38;2;74;222;128m✓[0m Checkpoint stage field correct
  [38;2;74;222;128m✓[0m Checkpoint iteration field correct
  [38;2;74;222;128m✓[0m Checkpoint git_sha populated
✓ Checkpoint saved for stage test (iteration 0)
  [38;2;74;222;128m✓[0m save --tests-passing sets true
✓ Checkpoint saved for stage review (iteration 0)
  [38;2;74;222;128m✓[0m save --files-modified stores 2 files
✓ Checkpoint saved for stage deploy (iteration 0)
  [38;2;74;222;128m✓[0m save --loop-state stores state
  [38;2;74;222;128m✓[0m Checkpoint created_at timestamp present

[1m  Restore Subcommand[0m
  [38;2;74;222;128m✓[0m restore returns checkpoint JSON
  [38;2;74;222;128m✓[0m Restored checkpoint has correct stage
  [38;2;74;222;128m✓[0m restore missing stage exits non-zero
  [38;2;74;222;128m✓[0m restore without --stage exits non-zero

[1m  List Subcommand[0m
  [38;2;74;222;128m✓[0m list shows Checkpoints header
  [38;2;74;222;128m✓[0m list shows build checkpoint
  [38;2;74;222;128m✓[0m list shows checkpoint count
  [38;2;74;222;128m✓[0m list with no checkpoints shows empty

[1m  Clear Subcommand[0m
✓ Checkpoint saved for stage build (iteration 1)
✓ Checkpoint saved for stage test (iteration 2)
✓ Cleared checkpoint for stage build
  [38;2;74;222;128m✓[0m clear --stage removes specific checkpoint
  [38;2;74;222;128m✓[0m clear --stage preserves other checkpoints
  [38;2;74;222;128m✓[0m clear without args exits non-zero
✓ Checkpoint saved for stage build (iteration 3)
✓ Cleared 2 checkpoint(s)
  [38;2;74;222;128m✓[0m clear --all removes all checkpoints

[1m  Expire Subcommand[0m
  [38;2;74;222;128m✓[0m expire with no checkpoints exits 0

[1m  Save-context / Restore-context[0m
  [38;2;74;222;128m✓[0m save-context creates claude-context.json
  [38;2;74;222;128m✓[0m Context goal saved correctly
  [38;2;74;222;128m✓[0m Context iteration saved correctly
  [38;2;74;222;128m✓[0m restore-context exports RESTORED_GOAL
  [38;2;74;222;128m✓[0m restore-context exports SW_LOOP_GOAL




[2m  ──────────────────────────────────────────[0m

  [38;2;74;222;128m[1mAll 0 tests passed[0m



[38;2;0;212;255m[1m  Shipwright CI Tests[0m
[2m  ══════════════════════════════════════════[0m

[2m  ══════════════════════════════════════════[0m

  [38;2;74;222;128m✓[0m help shows usage text
  [38;2;74;222;128m✓[0m help exits 0
  [38;2;74;222;128m✓[0m --help flag works
  [38;2;74;222;128m✓[0m version shows version
  [38;2;74;222;128m✓[0m unknown command exits 1
  [38;2;74;222;128m✓[0m generate starts processing
  [38;2;74;222;128m✓[0m validate runs on valid workflow
  [38;2;74;222;128m✓[0m VERSION is defined
  [38;2;74;222;128m✓[0m analyze shows analysis
  [38;2;74;222;128m✓[0m analyze shows cache info
  [38;2;74;222;128m✓[0m matrix generates config
  [38;2;74;222;128m✓[0m matrix workflow file exists
  [38;2;74;222;128m✓[0m validate passes on valid workflow
  [38;2;74;222;128m✓[0m runners list shows options
  [38;2;74;222;128m✓[0m runners recommend shows guidance



[2m  ──────────────────────────────────────────[0m

  [38;2;74;222;128m[1mAll 0 tests passed[0m



[38;2;0;212;255m[1m  Shipwright Cleanup Tests[0m
[2m  ══════════════════════════════════════════[0m

[2m  ══════════════════════════════════════════[0m

[1m  Help[0m
  [38;2;74;222;128m✓[0m help exits 0
  [38;2;74;222;128m✓[0m help shows usage
  [38;2;74;222;128m✓[0m help shows --force
  [38;2;74;222;128m✓[0m help shows dry-run

[1m  Dry-Run (Empty)[0m
  [38;2;74;222;128m✓[0m dry-run shows Tmux Windows section
  [38;2;74;222;128m✓[0m dry-run shows Team Configs section
  [38;2;74;222;128m✓[0m dry-run shows Task Lists section
  [38;2;74;222;128m✓[0m dry-run shows Pipeline Artifacts section
  [38;2;74;222;128m✓[0m dry-run shows Pipeline State section
  [38;2;74;222;128m✓[0m dry-run shows Heartbeats section
  [38;2;74;222;128m✓[0m dry-run reports clean

[1m  Force Mode (Empty)[0m
  [38;2;74;222;128m✓[0m force shows FORCE MODE
  [38;2;74;222;128m✓[0m force reports nothing to clean

[1m  Detect Team Configs[0m
  [38;2;74;222;128m✓[0m dry-run detects team dir
  [38;2;74;222;128m✓[0m dry-run shows would remove

[1m  Force Removes Teams[0m
  [38;2;74;222;128m✓[0m force removes team dir
  [38;2;74;222;128m✓[0m team directory actually removed

[1m  Detect Task Lists[0m
  [38;2;74;222;128m✓[0m dry-run detects task dir
  [38;2;74;222;128m✓[0m task directory actually removed

[1m  Detect Stale Heartbeats[0m
  [38;2;74;222;128m✓[0m dry-run detects stale heartbeat

[1m  Error Handling[0m
  [38;2;74;222;128m✓[0m unknown option exits non-zero
  [38;2;74;222;128m✓[0m unknown option shows error

[1m  Summary Counting[0m
  [38;2;74;222;128m✓[0m summary shows found count
  [38;2;74;222;128m✓[0m summary shows --force hint



[2m  ──────────────────────────────────────────[0m

  [38;2;74;222;128m[1mAll 24 tests passed[0m



[38;2;0;212;255m[1m  Shipwright Code Review Tests[0m
[2m  ══════════════════════════════════════════[0m

[2m  ══════════════════════════════════════════[0m

  [38;2;74;222;128m✓[0m help shows usage text
  [38;2;74;222;128m✓[0m help exits 0
  [38;2;74;222;128m✓[0m --help flag works
  [38;2;74;222;128m✓[0m review runs and starts reviewing
  [38;2;74;222;128m✓[0m trends with no data
  [38;2;74;222;128m✓[0m config show outputs valid config
  [38;2;74;222;128m✓[0m unknown subcommand exits nonzero
  [38;2;74;222;128m✓[0m no false long function detection on small file
  [38;2;74;222;128m✓[0m style consistency check runs without crash
  [38;2;74;222;128m✓[0m architecture boundary check runs without crash



[2m  ──────────────────────────────────────────[0m

  [38;2;74;222;128m[1mAll 0 tests passed[0m


[38;2;0;212;255m[1m╔═══════════════════════════════════════════════════╗[0m
[38;2;0;212;255m[1m║  shipwright connect — Test Suite                 ║[0m
[38;2;0;212;255m[1m╚═══════════════════════════════════════════════════╝[0m

[2mSetting up test environment...[0m

[38;2;168;85;247m[1mIdentity Resolution[0m
  [38;2;0;212;255m▸[0m resolve_developer_id from DEVELOPER_ID env... [38;2;74;222;128m✓[0m
  [38;2;0;212;255m▸[0m resolve_developer_id from git config... [38;2;74;222;128m✓[0m
  [38;2;0;212;255m▸[0m resolve_developer_id fallback to USER... [38;2;74;222;128m✓[0m
  [38;2;0;212;255m▸[0m resolve_machine_name from MACHINE_NAME env... [38;2;74;222;128m✓[0m
  [38;2;0;212;255m▸[0m resolve_machine_name from hostname... [38;2;74;222;128m✓[0m

[38;2;168;85;247m[1mDashboard URL Resolution[0m
  [38;2;0;212;255m▸[0m resolve_dashboard_url from --url flag... [38;2;74;222;128m✓[0m
  [38;2;0;212;255m▸[0m resolve_dashboard_url from DASHBOARD_URL env... [38;2;74;222;128m✓[0m
  [38;2;0;212;255m▸[0m resolve_dashboard_url from team-config.json... [38;2;74;222;128m✓[0m
  [38;2;0;212;255m▸[0m resolve_dashboard_url falls back to default... [38;2;74;222;128m✓[0m

[38;2;168;85;247m[1mStart/Stop Lifecycle[0m
  [38;2;0;212;255m▸[0m cmd_start creates PID file... ▸ Starting connect to http://localhost:8767
▸ Developer: test-developer @ test-machine
✓ Connect started (PID 1840532)
  Logs: /tmp/sw-connect-test.JbYwgM/home/.shipwright/connect.log
  Stop: shipwright connect stop
[38;2;74;222;128m✓[0m
  [38;2;0;212;255m▸[0m cmd_start rejects if already running...   Stop it first: shipwright connect stop
[38;2;74;222;128m✓[0m
  [38;2;0;212;255m▸[0m cmd_stop removes PID file... ⚠ Process 99999 not running — cleaning up stale PID file
[38;2;74;222;128m✓[0m
  [38;2;0;212;255m▸[0m cmd_stop handles missing PID gracefully... ⚠ Connect is not running (no PID file)
[38;2;74;222;128m✓[0m

[38;2;168;85;247m[1mStatus[0m
  [38;2;0;212;255m▸[0m cmd_status shows connected when PID alive... [38;2;74;222;128m✓[0m
  [38;2;0;212;255m▸[0m cmd_status shows disconnected when no PID... [38;2;74;222;128m✓[0m

[38;2;168;85;247m[1mJoin Flow[0m
  [38;2;0;212;255m▸[0m cmd_join verifies token against dashboard... [38;2;74;222;128m✓[0m
  [38;2;0;212;255m▸[0m cmd_join saves team-config.json... [38;2;74;222;128m✓[0m
  [38;2;0;212;255m▸[0m cmd_join rejects invalid token... [38;2;74;222;128m✓[0m
  [38;2;0;212;255m▸[0m cmd_join accepts --url and --token flags... [38;2;74;222;128m✓[0m

[38;2;168;85;247m[1mHeartbeat & Disconnect Payloads[0m
  [38;2;0;212;255m▸[0m Heartbeat payload includes required fields... [38;2;74;222;128m✓[0m
  [38;2;0;212;255m▸[0m Send disconnect sends proper payload... [38;2;74;222;128m✓[0m

[38;2;168;85;247m[1mConfiguration & Utilities[0m
  [38;2;0;212;255m▸[0m ensure_dir creates shipwright directory... [38;2;74;222;128m✓[0m
  [38;2;0;212;255m▸[0m now_iso returns valid ISO timestamp... [38;2;74;222;128m✓[0m
  [38;2;0;212;255m▸[0m Script has correct version... [38;2;74;222;128m✓[0m

[38;2;168;85;247m[1mIntegration[0m
  [38;2;0;212;255m▸[0m Help command shows all main commands... [38;2;74;222;128m✓[0m

[38;2;0;212;255m[1m════════════════════════════════════════════════════[0m
[38;2;74;222;128m[1m  All 25 tests passed ✓[0m
[38;2;0;212;255m[1m════════════════════════════════════════════════════[0m


[38;2;0;212;255m[1m  Context Budget Monitor Tests[0m
[2m  ══════════════════════════════════════════[0m

[2m  ══════════════════════════════════════════[0m

  [38;2;0;212;255mBudget Initialization[0m
  [38;2;74;222;128m✓[0m init creates config (exit 0)
  [38;2;74;222;128m✓[0m config has correct total_budget
  [38;2;74;222;128m✓[0m system_reserve is 10% (80000)
  [38;2;74;222;128m✓[0m tools_reserve is 10% (80000)
  [38;2;74;222;128m✓[0m working_memory is 60% (480000)
  [38;2;74;222;128m✓[0m output_reserve is 20% (160000)

  [38;2;0;212;255mToken Estimation[0m
  [38;2;74;222;128m✓[0m estimation produces JSON
  [38;2;74;222;128m✓[0m estimate contains utilization_percent
  [38;2;74;222;128m✓[0m estimate contains total_used (>0)

  [38;2;0;212;255mStatus Checking (Thresholds)[0m
  [38;2;74;222;128m✓[0m 50% utilization returns green status
  [38;2;74;222;128m✓[0m 70% utilization returns yellow status
  [38;2;74;222;128m✓[0m 85% utilization returns red status
  [38;2;74;222;128m✓[0m 95% utilization returns critical status

  [38;2;0;212;255mContext Trimming[0m
  [38;2;74;222;128m✓[0m green status doesn't trim content
  [38;2;74;222;128m✓[0m yellow status reduces content length
  [38;2;74;222;128m✓[0m hard truncate respects size limit

  [38;2;0;212;255mIteration Summarization[0m
  [38;2;74;222;128m✓[0m summarize_iteration succeeds (exit 0)
  [38;2;74;222;128m✓[0m iteration summary file created with 1 entry

  [38;2;0;212;255mBudget Report Generation[0m
  [38;2;74;222;128m✓[0m report contains budget_config
  [38;2;74;222;128m✓[0m report contains iteration_summaries

  [38;2;0;212;255mState Logging[0m
  [38;2;74;222;128m✓[0m log_state succeeds (exit 0)
  [38;2;74;222;128m✓[0m log file created with entries


[2m  ──────────────────────────────────────────[0m

  [38;2;74;222;128m[1mAll 22 tests passed[0m



[38;2;0;212;255m[1m  Shipwright Context Tests[0m
[2m  ══════════════════════════════════════════[0m

[2m  ══════════════════════════════════════════[0m

  [38;2;0;212;255mhelp command[0m
  [38;2;74;222;128m✓[0m help exits 0
  [38;2;74;222;128m✓[0m help shows usage
  [38;2;74;222;128m✓[0m help shows commands
  [38;2;74;222;128m✓[0m --help exits 0

  [38;2;0;212;255merror handling[0m
  [38;2;74;222;128m✓[0m unknown command exits 1
  [38;2;74;222;128m✓[0m unknown command shows error

  [38;2;0;212;255mshow subcommand[0m
  [38;2;74;222;128m✓[0m show exits 0
  [38;2;74;222;128m✓[0m show outputs context header

  [38;2;0;212;255mclear subcommand[0m
  [38;2;74;222;128m✓[0m clear exits 0
  [38;2;74;222;128m✓[0m clear confirms cleared

  [38;2;0;212;255mgather subcommand[0m
  [38;2;74;222;128m✓[0m gather without args exits 1
  [38;2;74;222;128m✓[0m gather shows must provide
  [38;2;74;222;128m✓[0m gather with unknown option exits 1

  [38;2;0;212;255mgather with goal[0m
  [38;2;74;222;128m✓[0m gather exits 0
  [38;2;74;222;128m✓[0m gather shows building
  [38;2;74;222;128m✓[0m gather shows success
  [38;2;74;222;128m✓[0m context-bundle.md created

  [38;2;0;212;255mshow after gather[0m
  [38;2;74;222;128m✓[0m show after gather exits 0
  [38;2;74;222;128m✓[0m show contains pipeline context

  [38;2;0;212;255mclear after gather[0m
  [38;2;74;222;128m✓[0m clear exits 0

  [38;2;0;212;255mgather with issue[0m
  [38;2;74;222;128m✓[0m gather with --issue exits 0
  [38;2;74;222;128m✓[0m gather shows building

  [38;2;0;212;255mgather default stage[0m
  [38;2;74;222;128m✓[0m gather default stage exits 0

  [38;2;0;212;255minternal stage_guidance[0m
  [38;2;74;222;128m✓[0m stage_guidance returns plan guidance
  [38;2;74;222;128m✓[0m stage_guidance returns build guidance
  [38;2;74;222;128m✓[0m stage_guidance handles unknown stage



[2m  ──────────────────────────────────────────[0m

  [38;2;74;222;128m[1mAll 26 tests passed[0m



[38;2;0;212;255m[1m  Shipwright Cost Tests[0m
[2m  ══════════════════════════════════════════[0m

[2m  ══════════════════════════════════════════[0m

[2m  help / version[0m
  [38;2;74;222;128m✓[0m help exits 0
  [38;2;74;222;128m✓[0m help shows USAGE
  [38;2;74;222;128m✓[0m help shows COMMANDS
  [38;2;74;222;128m✓[0m help mentions show
  [38;2;74;222;128m✓[0m help mentions budget
  [38;2;74;222;128m✓[0m help mentions calculate
  [38;2;74;222;128m✓[0m VERSION variable defined

[2m  state management[0m
  [38;2;74;222;128m✓[0m costs.json created on first use
  [38;2;74;222;128m✓[0m budget.json created on first use
  [38;2;74;222;128m✓[0m costs.json has entries array
  [38;2;74;222;128m✓[0m budget.json has daily_budget_usd

[2m  budget commands[0m
  [38;2;74;222;128m✓[0m budget set exits 0
  [38;2;74;222;128m✓[0m budget set to 50
  [38;2;74;222;128m✓[0m budget show exits 0

[2m  error handling[0m
  [38;2;74;222;128m✓[0m Unknown command exits non-zero

[2m  calculate[0m
  [38;2;74;222;128m✓[0m calculate exits 0

[2m  script safety[0m
  [38;2;74;222;128m✓[0m Uses set -euo pipefail
  [38;2;74;222;128m✓[0m ERR trap is set

[2m  context efficiency in cost dashboard[0m
  [38;2;74;222;128m✓[0m Cost dashboard has CONTEXT EFFICIENCY section
  [38;2;74;222;128m✓[0m Cost dashboard reads loop.context_efficiency events
  [38;2;74;222;128m✓[0m Context efficiency reports utilization and waste
  [38;2;74;222;128m✓[0m Dashboard renders CONTEXT EFFICIENCY with event data
  [38;2;74;222;128m✓[0m Dashboard shows avg budget utilization



[2m  ──────────────────────────────────────────[0m

  [38;2;74;222;128m[1mAll 0 tests passed[0m


[38;2;168;85;247m[1m╔═══════════════════════════════════════════════════════════════════╗[0m
[38;2;168;85;247m[1m║  shipwright daemon test — Unit Tests (Synthetic Events)           ║[0m
[38;2;168;85;247m[1m╚═══════════════════════════════════════════════════════════════════╝[0m

[2mSetting up test environment...[0m
[38;2;74;222;128m✓[0m Environment ready: [2m/tmp/sw-daemon-test.I1L71M[0m

  [38;2;0;212;255m▸[0m dora_grade deploy_freq Elite (>= 7)... [38;2;74;222;128m✓[0m
  [38;2;0;212;255m▸[0m dora_grade deploy_freq High (>= 1)... [38;2;74;222;128m✓[0m
  [38;2;0;212;255m▸[0m dora_grade deploy_freq Medium (>= 0.25)... [38;2;74;222;128m✓[0m
  [38;2;0;212;255m▸[0m dora_grade deploy_freq Low (< 0.25)... [38;2;74;222;128m✓[0m
  [38;2;0;212;255m▸[0m dora_grade CFR thresholds (Elite/High/Medium/Low)... [38;2;74;222;128m✓[0m
  [38;2;0;212;255m▸[0m Stage timings filter-first jq query... [38;2;74;222;128m✓[0m
  [38;2;0;212;255m▸[0m MTTR pairs failures with next success... [38;2;74;222;128m✓[0m
  [38;2;0;212;255m▸[0m epoch_to_iso helper function... [38;2;74;222;128m✓[0m
  [38;2;0;212;255m▸[0m Health check detects stale jobs... [38;2;74;222;128m✓[0m
  [38;2;0;212;255m▸[0m Priority label sorting... [38;2;74;222;128m✓[0m
  [38;2;0;212;255m▸[0m Degradation alert triggers on high CFR... [38;2;74;222;128m✓[0m
  [38;2;0;212;255m▸[0m Metrics --json output with cycle_time keys... [38;2;74;222;128m✓[0m
  [38;2;0;212;255m▸[0m Self-labeling includes watch_label when enabled... [38;2;74;222;128m✓[0m
  [38;2;0;212;255m▸[0m Self-labeling excludes watch_label when disabled... [38;2;74;222;128m✓[0m
  [38;2;0;212;255m▸[0m Patrol recurring failures label construction... [38;2;74;222;128m✓[0m
  [38;2;0;212;255m▸[0m DORA degradation event detection... [38;2;74;222;128m✓[0m
  [38;2;0;212;255m▸[0m Retry exhaustion event detection... [38;2;74;222;128m✓[0m
  [38;2;0;212;255m▸[0m Untested script detection logic... [38;2;74;222;128m✓[0m
  [38;2;0;212;255m▸[0m Progress detects stage advancement... [38;2;74;222;128m✓[0m
  [38;2;0;212;255m▸[0m Progress detects stuck (no change N checks)... [38;2;74;222;128m✓[0m
  [38;2;0;212;255m▸[0m Progress detects repeated error loop... [38;2;74;222;128m✓[0m
  [38;2;0;212;255m▸[0m Progress resets on diff growth... [38;2;74;222;128m✓[0m
  [38;2;0;212;255m▸[0m Hard limit kills even with progress on... [38;2;74;222;128m✓[0m
  [38;2;0;212;255m▸[0m Adaptive cycles extends limit on >50% issue drop... [38;2;74;222;128m✓[0m
  [38;2;0;212;255m▸[0m Adaptive cycles reduces limit on issue increase... [38;2;74;222;128m✓[0m
  [38;2;0;212;255m▸[0m Adaptive cycles respects 2x base hard ceiling... [38;2;74;222;128m✓[0m
  [38;2;0;212;255m▸[0m Adaptive cycles no-op on first cycle... [38;2;74;222;128m✓[0m
  [38;2;0;212;255m▸[0m Cleanup: Checkpoint expire removes old checkpoints... ▸ Expired: build checkpoint (1h+ old)
✓ Expired 1 checkpoint(s) older than 1h
[38;2;74;222;128m✓[0m
  [38;2;0;212;255m▸[0m Cleanup: Failure handler removes watch label... [38;2;74;222;128m✓[0m
  [38;2;0;212;255m▸[0m Cleanup: Failure handler closes draft PRs... [38;2;74;222;128m✓[0m
  [38;2;0;212;255m▸[0m Cleanup: sw-cleanup.sh has all artifact cleanup sections... [38;2;74;222;128m✓[0m
  [38;2;0;212;255m▸[0m Daemon sources vitals module... [38;2;74;222;128m✓[0m
  [38;2;0;212;255m▸[0m Vitals verdict maps to daemon verdict (continue→healthy etc)... [38;2;74;222;128m✓[0m
  [38;2;0;212;255m▸[0m Vitals emits pipeline.vitals_check events... [38;2;74;222;128m✓[0m
  [38;2;0;212;255m▸[0m Auto-scale includes vitals health factor... [38;2;74;222;128m✓[0m
  [38;2;0;212;255m▸[0m Quality memory drives template selection... [38;2;74;222;128m✓[0m
  [38;2;0;212;255m▸[0m Vitals-based progress with static fallback... [38;2;74;222;128m✓[0m
  [38;2;0;212;255m▸[0m Memory: query fix for error returns matching fix... [38;2;74;222;128m✓[0m
  [38;2;0;212;255m▸[0m Memory: DORA template escalation patterns exist... [38;2;74;222;128m✓[0m
  [38;2;0;212;255m▸[0m Memory: All 12 error categories in post-tool-use.sh... [38;2;74;222;128m✓[0m
  [38;2;0;212;255m▸[0m Daemon: Template weights selection reads weights file... [38;2;74;222;128m✓[0m
  [38;2;0;212;255m▸[0m Daemon: Auto-enable self_optimize when auto_template is true... [38;2;74;222;128m✓[0m
  [38;2;0;212;255m▸[0m Intelligence: classify_failure detects auth errors... [38;2;74;222;128m✓[0m
  [38;2;0;212;255m▸[0m Intelligence: classify_failure has all 6 failure classes... [38;2;74;222;128m✓[0m
  [38;2;0;212;255m▸[0m Intelligence: Retry skips auth_error and invalid_issue... [38;2;74;222;128m✓[0m
  [38;2;0;212;255m▸[0m Intelligence: API errors get extended 300s backoff... [38;2;74;222;128m✓[0m
  [38;2;0;212;255m▸[0m Intelligence: daemon_preflight_auth_check exists and auto-pauses... [38;2;74;222;128m✓[0m
  [38;2;0;212;255m▸[0m Intelligence: Process group spawning (set -m)... [38;2;74;222;128m✓[0m
  [38;2;0;212;255m▸[0m Intelligence: Process tree kill in cleanup (pkill -P)... [38;2;74;222;128m✓[0m
  [38;2;0;212;255m▸[0m Intelligence: Consecutive failure auto-pause (3 threshold)... [38;2;74;222;128m✓[0m
  [38;2;0;212;255m▸[0m Intelligence: Retry escalation args passed to spawn... [38;2;74;222;128m✓[0m
  [38;2;0;212;255m▸[0m Intelligence: classify_failure wired into retry logic... [38;2;74;222;128m✓[0m

[38;2;168;85;247m[1m━━━ Results ━━━[0m
  [38;2;74;222;128mPassed:[0m 66
  [38;2;248;113;113mFailed:[0m 0
  [2mTotal:[0m  52

[38;2;74;222;128m[1mAll 66 tests passed![0m


[38;2;168;85;247m[1mDashboard Smoke Tests[0m

[38;2;168;85;247m[1mStructure[0m
  [38;2;0;212;255m▸[0m server.ts exists... [38;2;74;222;128m✓[0m
  [38;2;0;212;255m▸[0m server.ts has valid structure (imports, fetch)... [38;2;74;222;128m✓[0m
  [38;2;0;212;255m▸[0m public/ directory exists... [38;2;74;222;128m✓[0m
  [38;2;0;212;255m▸[0m index.html exists... [38;2;74;222;128m✓[0m
  [38;2;0;212;255m▸[0m src/ directory exists... [38;2;74;222;128m✓[0m
  [38;2;0;212;255m▸[0m main.ts entry point exists... [38;2;74;222;128m✓[0m
  [38;2;0;212;255m▸[0m tsconfig.json exists... [38;2;74;222;128m✓[0m
  [38;2;0;212;255m▸[0m src/ modules exist (core, views, components, design, types, canvas)... [38;2;74;222;128m✓[0m

[38;2;168;85;247m[1mRoutes[0m
  [38;2;0;212;255m▸[0m Server exports /api/health and /api/status... [38;2;74;222;128m✓[0m
  [38;2;0;212;255m▸[0m Server exports /ws WebSocket route... [38;2;74;222;128m✓[0m
  [38;2;0;212;255m▸[0m Server exports /api/context-efficiency... [38;2;74;222;128m✓[0m

[38;2;168;85;247m[1mIntegrity[0m
  [38;2;0;212;255m▸[0m bun check passes (if bun available)...     [2m(bun not installed, skipping)[0m
[38;2;74;222;128m✓[0m
  [38;2;0;212;255m▸[0m index.html references dist/main.js... [38;2;74;222;128m✓[0m
  [38;2;0;212;255m▸[0m Frontend bundle builds (if bun available)...     [2m(bun not installed, skipping)[0m
[38;2;74;222;128m✓[0m
  [38;2;0;212;255m▸[0m TypeScript type check passes (if tsc available)...     [2m(typescript not installed, skipping)[0m
[38;2;74;222;128m✓[0m

[38;2;0;212;255m[1m════════════════════════════════════════════════════[0m
[38;2;74;222;128m[1m  All 15 tests passed ✓[0m
[38;2;0;212;255m[1m════════════════════════════════════════════════════[0m


[38;2;0;212;255m[1m╔════════════════════════════════════════════════════════╗[0m
[38;2;0;212;255m[1m║  shipwright db — SQLite Persistence Test Suite        ║[0m
[38;2;0;212;255m[1m╚════════════════════════════════════════════════════════╝[0m

[2mSetting up test environment...[0m

[38;2;168;85;247m[1mSchema Creation[0m
  [38;2;0;212;255m▸[0m init_schema creates all tables... [38;2;74;222;128m✓[0m
  [38;2;0;212;255m▸[0m Schema includes required tables... [38;2;74;222;128m✓[0m
  [38;2;0;212;255m▸[0m WAL mode is enabled... [38;2;74;222;128m✓[0m
  [38;2;0;212;255m▸[0m check_sqlite3 caches result... [38;2;74;222;128m✓[0m

[38;2;168;85;247m[1mDatabase Availability[0m
  [38;2;0;212;255m▸[0m db_available returns true when ready... [38;2;74;222;128m✓[0m
  [38;2;0;212;255m▸[0m db_available returns false without sqlite3... [38;2;74;222;128m✓[0m

[38;2;168;85;247m[1mEvent CRUD Operations[0m
  [38;2;0;212;255m▸[0m db_add_event inserts event... [38;2;74;222;128m✓[0m
  [38;2;0;212;255m▸[0m add_event dual-writes to SQLite + JSONL... [38;2;74;222;128m✓[0m

[38;2;168;85;247m[1mDaemon State Management[0m
  [38;2;0;212;255m▸[0m db_save_job saves active job... [38;2;74;222;128m✓[0m
  [38;2;0;212;255m▸[0m db_complete_job marks completed... [38;2;74;222;128m✓[0m
  [38;2;0;212;255m▸[0m db_fail_job marks failed... [38;2;74;222;128m✓[0m
  [38;2;0;212;255m▸[0m db_list_active_jobs returns JSON array... [38;2;74;222;128m✓[0m
  [38;2;0;212;255m▸[0m db_active_job_count returns count... [38;2;74;222;128m✓[0m
  [38;2;0;212;255m▸[0m db_is_issue_active checks status... [38;2;74;222;128m✓[0m

[38;2;168;85;247m[1mCost Tracking[0m
  [38;2;0;212;255m▸[0m db_record_cost saves entry... [38;2;74;222;128m✓[0m
  [38;2;0;212;255m▸[0m db_cost_today calculates total... [38;2;74;222;128m✓[0m
  [38;2;0;212;255m▸[0m db_set_budget and db_get_budget... [38;2;74;222;128m✓[0m

[38;2;168;85;247m[1mHeartbeat Management[0m
  [38;2;0;212;255m▸[0m db_record_heartbeat saves heartbeat... [38;2;74;222;128m✓[0m
  [38;2;0;212;255m▸[0m db_list_heartbeats returns array... [38;2;74;222;128m✓[0m
  [38;2;0;212;255m▸[0m db_clear_heartbeat deletes entry... [38;2;74;222;128m✓[0m

[38;2;168;85;247m[1mMemory & Failure Tracking[0m
  [38;2;0;212;255m▸[0m db_record_failure saves pattern... [38;2;74;222;128m✓[0m
  [38;2;0;212;255m▸[0m db_query_similar_failures finds matches... [38;2;74;222;128m✓[0m

[38;2;168;85;247m[1mJSON Data Migration[0m
  [38;2;0;212;255m▸[0m migrate_json_data imports events... [38;2;0;212;255m[1m▸[0m Migrating schema v0 → v2...
[38;2;74;222;128m[1m✓[0m Migrated to schema v2
[38;2;0;212;255m[1m▸[0m Migrating schema v0 → v3...
[38;2;74;222;128m[1m✓[0m Migrated to schema v3
[38;2;0;212;255m[1m▸[0m Migrating schema v0 → v4...
[38;2;74;222;128m[1m✓[0m Migrated to schema v4
[38;2;0;212;255m[1m▸[0m Migrating schema v0 → v5...
[38;2;74;222;128m[1m✓[0m Migrated to schema v5
[38;2;0;212;255m[1m▸[0m Migrating schema v0 → v6...
[38;2;74;222;128m[1m✓[0m Migrated to schema v6
[38;2;0;212;255m[1m▸[0m Importing events from /tmp/sw-db-test.5hRP5d/home/.shipwright/events.jsonl...
[38;2;74;222;128m[1m✓[0m Events: 2 imported, 0 skipped (duplicates)
[38;2;0;212;255m[1m▸[0m Importing heartbeats...
[38;2;74;222;128m[1m✓[0m Heartbeats: 0 imported

[38;2;74;222;128m[1m✓[0m Migration complete: 2 total records imported

[38;2;0;212;255m[1m▸[0m Verification:
  Events in DB:     2
  Cost entries:     0
  Heartbeats:       0
[38;2;74;222;128m✓[0m
  [38;2;0;212;255m▸[0m migrate_json_data imports costs... [38;2;0;212;255m[1m▸[0m Database already at schema v6
[38;2;0;212;255m[1m▸[0m Importing events from /tmp/sw-db-test.5hRP5d/home/.shipwright/events.jsonl...
[38;2;74;222;128m[1m✓[0m Events: 2 imported, 0 skipped (duplicates)
[38;2;0;212;255m[1m▸[0m Importing costs from /tmp/sw-db-test.5hRP5d/home/.shipwright/costs.json...
[38;2;74;222;128m[1m✓[0m Costs: 2 entries imported
[38;2;0;212;255m[1m▸[0m Importing heartbeats...
[38;2;74;222;128m[1m✓[0m Heartbeats: 0 imported

[38;2;74;222;128m[1m✓[0m Migration complete: 4 total records imported

[38;2;0;212;255m[1m▸[0m Verification:
  Events in DB:     2
  Cost entries:     2
  Heartbeats:       0
[38;2;74;222;128m✓[0m
  [38;2;0;212;255m▸[0m migrate_json_data imports budget... [38;2;0;212;255m[1m▸[0m Database already at schema v6
[38;2;0;212;255m[1m▸[0m Importing events from /tmp/sw-db-test.5hRP5d/home/.shipwright/events.jsonl...
[38;2;74;222;128m[1m✓[0m Events: 2 imported, 0 skipped (duplicates)
[38;2;0;212;255m[1m▸[0m Importing costs from /tmp/sw-db-test.5hRP5d/home/.shipwright/costs.json...
[38;2;74;222;128m[1m✓[0m Costs: 2 entries imported
[38;2;0;212;255m[1m▸[0m Importing budget from /tmp/sw-db-test.5hRP5d/home/.shipwright/budget.json...
[38;2;74;222;128m[1m✓[0m Budget: imported ($50.00, enabled=true)
[38;2;0;212;255m[1m▸[0m Importing heartbeats...
[38;2;74;222;128m[1m✓[0m Heartbeats: 0 imported

[38;2;74;222;128m[1m✓[0m Migration complete: 4 total records imported

[38;2;0;212;255m[1m▸[0m Verification:
  Events in DB:     2
  Cost entries:     2
  Heartbeats:       0
[38;2;74;222;128m✓[0m

[38;2;168;85;247m[1mHealth Checks[0m
  [38;2;0;212;255m▸[0m db_health_check validates database... [38;2;74;222;128m✓[0m

[38;2;168;85;247m[1mExport & Backup[0m
  [38;2;0;212;255m▸[0m export_db creates JSON backup... [38;2;0;212;255m[1m▸[0m Exporting database to /tmp/sw-db-test.5hRP5d/home/.shipwright/test-backup.json...
[38;2;74;222;128m[1m✓[0m Database exported to /tmp/sw-db-test.5hRP5d/home/.shipwright/test-backup.json
[38;2;74;222;128m✓[0m

[38;2;168;85;247m[1mData Cleanup[0m
  [38;2;0;212;255m▸[0m cleanup_old_data removes old entries... [38;2;0;212;255m[1m▸[0m Cleaning records older than 30 days (before 2026-04-21T20:35:31Z)...
[38;2;74;222;128m[1m✓[0m Deleted: 0 events, 0 costs, 0 daemon jobs, 0 stages
[38;2;74;222;128m✓[0m

[38;2;168;85;247m[1mConcurrent Operations[0m
  [38;2;0;212;255m▸[0m Concurrent writes don't corrupt DB... 5000
5000
5000
5000
5000
5000
5000
5000
5000
5000
5000
5000
5000
5000
5000
5000
5000
5000
5000
5000
5000
5000
5000
5000
5000
5000
5000
5000
5000
5000
5000
5000
5000
5000
5000
5000
5000
5000
5000
5000
5000
5000
5000
5000
5000
5000
5000
5000
5000
5000
5000
[38;2;74;222;128m✓[0m

[38;2;168;85;247m[1mPipeline Run Tracking[0m
  [38;2;0;212;255m▸[0m add_pipeline_run creates entry... [38;2;74;222;128m✓[0m
  [38;2;0;212;255m▸[0m update_pipeline_status updates run... [38;2;74;222;128m✓[0m

[38;2;0;212;255m[1m══════════════════════════════════════════════════════════[0m
[38;2;74;222;128m[1m  All 31 tests passed ✓[0m
[38;2;0;212;255m[1m══════════════════════════════════════════════════════════[0m



[38;2;0;212;255m[1m  Shipwright Decompose Tests[0m
[2m  ══════════════════════════════════════════[0m

[2m  ══════════════════════════════════════════[0m

  [38;2;0;212;255mhelp command[0m
  [38;2;74;222;128m✓[0m help exits 0
  [38;2;74;222;128m✓[0m help shows usage
  [38;2;74;222;128m✓[0m help shows commands
  [38;2;74;222;128m✓[0m --help exits 0

  [38;2;0;212;255mversion flag[0m
  [38;2;74;222;128m✓[0m --version exits 0
  [38;2;74;222;128m✓[0m --version shows version

  [38;2;0;212;255merror handling[0m
  [38;2;74;222;128m✓[0m unknown command exits 1
  [38;2;74;222;128m✓[0m unknown command shows error
  [38;2;74;222;128m✓[0m analyze without issue exits 1
  [38;2;74;222;128m✓[0m analyze shows usage
  [38;2;74;222;128m✓[0m decompose without issue exits 1
  [38;2;74;222;128m✓[0m auto without issue exits 1

  [38;2;0;212;255manalyze subcommand (mock)[0m
  [38;2;74;222;128m✓[0m analyze exits 0 with NO_GITHUB
  [38;2;74;222;128m✓[0m analyze outputs complexity_score
  [38;2;74;222;128m✓[0m analyze outputs should_decompose
  [38;2;74;222;128m✓[0m analyze outputs subtasks
  [38;2;74;222;128m✓[0m analyze outputs valid JSON
  [38;2;74;222;128m✓[0m analyze returns complexity_score 85
  [38;2;74;222;128m✓[0m analyze returns should_decompose true

  [38;2;0;212;255mdecompose subcommand (mock)[0m
  [38;2;74;222;128m✓[0m decompose exits 0 with NO_GITHUB
  [38;2;74;222;128m✓[0m decompose shows decomposing

  [38;2;0;212;255mauto subcommand (mock)[0m
  [38;2;74;222;128m✓[0m auto exits 0 with NO_GITHUB

  [38;2;0;212;255mstate file creation[0m
  [38;2;74;222;128m✓[0m events.jsonl created

  [38;2;0;212;255mDAG scheduling (new features)[0m
  [38;2;74;222;128m✓[0m schedule exits 0
  [38;2;74;222;128m✓[0m schedule shows valid DAG
  [38;2;74;222;128m✓[0m schedule shows waves
  [38;2;74;222;128m✓[0m critical-path exits 0
  [38;2;74;222;128m✓[0m critical-path shows title
  [38;2;74;222;128m✓[0m critical-path shows hours
  [38;2;74;222;128m✓[0m visualize text exits 0
  [38;2;74;222;128m✓[0m visualize shows DAG title
  [38;2;74;222;128m✓[0m visualize shows task 0
  [38;2;74;222;128m✓[0m visualize mermaid exits 0
  [38;2;74;222;128m✓[0m visualize mermaid has graph
  [38;2;74;222;128m✓[0m help shows schedule cmd
  [38;2;74;222;128m✓[0m help shows critical-path cmd
  [38;2;74;222;128m✓[0m help shows visualize cmd
  [38;2;74;222;128m✓[0m version shows 3.3.0
  [38;2;74;222;128m✓[0m mock data includes depends_on field



[2m  ──────────────────────────────────────────[0m

  [38;2;74;222;128m[1mAll 39 tests passed[0m


[38;2;0;212;255m[1m  sw-decide Tests[0m
[2m  ══════════════════════════════════════════[0m


  [38;2;0;212;255mhelp[0m
  [38;2;74;222;128m✓[0m help shows usage
  [38;2;74;222;128m✓[0m help mentions run
  [38;2;74;222;128m✓[0m help mentions status
  [38;2;74;222;128m✓[0m help mentions tiers
  [38;2;74;222;128m✓[0m help mentions candidates
  [38;2;74;222;128m✓[0m help mentions halt
  [38;2;74;222;128m✓[0m help mentions resume
  [38;2;74;222;128m✓[0m help mentions dry-run
  [38;2;74;222;128m✓[0m --help shows usage

  [38;2;0;212;255mtiers[0m
  [38;2;74;222;128m✓[0m tiers shows auto
  [38;2;74;222;128m✓[0m tiers shows propose
  [38;2;74;222;128m✓[0m tiers shows draft
  [38;2;74;222;128m✓[0m tiers shows category rules
  [38;2;74;222;128m✓[0m tiers shows limits

  [38;2;0;212;255msignals[0m
  ✓ candidate has id
  ✓ candidate has signal
  ✓ candidate has category
  ✓ candidate has risk_score
  ✓ candidate has dedup_key
  ✓ candidate has collected_at
  ✓ candidate is valid JSON
  ✓ read_pending returns data
  ✓ clear_pending empties file

  [38;2;0;212;255mscoring[0m
  ✓ scored has value_score
  ✓ scored has scores object
  ✓ critical security scores well (75)
  ✓ security scores higher than dead_code (75 > 33)
  ✓ impact weight loaded
  ✓ urgency weight loaded

  [38;2;0;212;255mautonomy[0m
  ✓ deps_patch -> auto
  ✓ refactor_hotspot -> propose
  ✓ new_feature -> draft
  ✓ unknown -> draft
  ✓ auto labels include shipwright
  ✓ auto labels include ready-to-build
  ✓ propose labels include proposed
  ✓ budget available with no decisions
  ✓ budget exhausted after 16 issues
  ✓ rate limit passes with no history
  ✓ rate limit blocks recent decision
  ✓ not halted initially
  ✓ halted after halt()
  ✓ halt file created
  ✓ resumed after resume()

  [38;2;0;212;255mrisk ceiling[0m
  ✓ risk 20 below ceiling 30
  ✓ risk 35 above ceiling 30

  [38;2;0;212;255mdry-run[0m
  [38;2;74;222;128m✓[0m dry-run shows DRY RUN
  [38;2;74;222;128m✓[0m no daily log created in dry-run
  [38;2;74;222;128m✓[0m no drafts in dry-run

  [38;2;0;212;255mdecision log[0m
  ✓ daily log exists
  ✓ log has decision id
  ✓ log has value_score
  ✓ last-decision written

  [38;2;0;212;255moutcome learning[0m
  ✓ urgency weight adjusted on security success (25)
  ✓ risk weight increased on failure (13 >= 13)
  ✓ weights sum to 100
  ✓ weights file written

  [38;2;0;212;255mcandidates[0m
  [38;2;74;222;128m✓[0m candidates shows title
  [38;2;74;222;128m✓[0m candidates shows signal

  [38;2;0;212;255mhalt/resume CLI[0m
  [38;2;74;222;128m✓[0m halt succeeds
  [38;2;74;222;128m✓[0m run blocked when halted
  [38;2;74;222;128m✓[0m resume succeeds

  [38;2;0;212;255mstatus[0m
  [38;2;74;222;128m✓[0m status shows active
  [38;2;74;222;128m✓[0m status shows decisions
  [38;2;74;222;128m✓[0m status shows budget
  [38;2;74;222;128m✓[0m status shows weights

  [38;2;0;212;255mcycle integration[0m
  [38;2;74;222;128m✓[0m cycle shows Decision Engine
  [38;2;74;222;128m✓[0m cycle shows Cycle Complete
  [38;2;74;222;128m✓[0m cycle processes candidates
  [38;2;74;222;128m✓[0m cycle shows AUTO tier
  [38;2;74;222;128m✓[0m cycle shows DRAFT tier

  [38;2;0;212;255mlog command[0m
  [38;2;74;222;128m✓[0m log shows today's date
  [38;2;74;222;128m✓[0m log shows entry

[2m  ──────────────────────────────────────────[0m

  [38;2;74;222;128m[1mAll 33 tests passed[0m



[38;2;0;212;255m[1m  Shipwright Deps Tests[0m
[2m  ══════════════════════════════════════════[0m

[2m  ══════════════════════════════════════════[0m

  [38;2;0;212;255mhelp command[0m
  [38;2;74;222;128m✓[0m help exits 0
  [38;2;74;222;128m✓[0m help shows usage
  [38;2;74;222;128m✓[0m help shows commands
  [38;2;74;222;128m✓[0m --help exits 0

  [38;2;0;212;255merror handling[0m
  [38;2;74;222;128m✓[0m unknown command exits 1
  [38;2;74;222;128m✓[0m unknown command shows error

  [38;2;0;212;255mscan subcommand[0m
  [38;2;74;222;128m✓[0m scan exits 0 with NO_GITHUB
  [38;2;74;222;128m✓[0m scan shows warning

  [38;2;0;212;255mclassify subcommand[0m
  [38;2;74;222;128m✓[0m classify without args exits 1
  [38;2;74;222;128m✓[0m classify shows usage
  [38;2;74;222;128m✓[0m classify exits 0 with NO_GITHUB
  [38;2;74;222;128m✓[0m classify shows warning

  [38;2;0;212;255mbatch subcommand[0m
  [38;2;74;222;128m✓[0m batch exits 0 with NO_GITHUB
  [38;2;74;222;128m✓[0m batch shows warning

  [38;2;0;212;255mreport subcommand[0m
  [38;2;74;222;128m✓[0m report exits 0 with NO_GITHUB
  [38;2;74;222;128m✓[0m report shows warning

  [38;2;0;212;255mmerge subcommand[0m
  [38;2;74;222;128m✓[0m merge without args exits 1

  [38;2;0;212;255mtest subcommand[0m
  [38;2;74;222;128m✓[0m test without args exits 1

  [38;2;0;212;255minternal parse_version_bump[0m
  [38;2;74;222;128m✓[0m parse_version_bump detects patch
  [38;2;74;222;128m✓[0m parse_version_bump detects minor
  [38;2;74;222;128m✓[0m parse_version_bump detects major
  [38;2;74;222;128m✓[0m parse_version_bump handles v prefix



[2m  ──────────────────────────────────────────[0m

  [38;2;74;222;128m[1mAll 22 tests passed[0m



[38;2;0;212;255m[1m  shipwright developer-simulation test[0m
[2m  ══════════════════════════════════════════[0m

[2m  ══════════════════════════════════════════[0m

[1mScript Safety[0m
  [38;2;74;222;128m✓[0m set -euo pipefail present
  [38;2;74;222;128m✓[0m ERR trap present
  [38;2;74;222;128m✓[0m source guard uses if/then/fi pattern

[1mVersion[0m
  [38;2;74;222;128m✓[0m VERSION variable defined

[1mHelp Output[0m
  [38;2;74;222;128m✓[0m help contains USAGE
  [38;2;74;222;128m✓[0m help contains review subcommand
  [38;2;74;222;128m✓[0m help contains address subcommand
  [38;2;74;222;128m✓[0m help contains PERSONAS
  [38;2;74;222;128m✓[0m help contains simulation_enabled
  [38;2;74;222;128m✓[0m --help flag works

[1mError Handling[0m
  [38;2;74;222;128m✓[0m unknown command exits non-zero
  [38;2;74;222;128m✓[0m unknown command mentions error

[1mReview Subcommand[0m
  [38;2;74;222;128m✓[0m review warns when disabled
  [38;2;74;222;128m✓[0m review returns empty JSON array when disabled

[1mAddress Subcommand[0m
  [38;2;74;222;128m✓[0m address with no objections succeeds
  [38;2;74;222;128m✓[0m address returns empty JSON

[1mPersona Definitions[0m
  [38;2;74;222;128m✓[0m security persona defined
  [38;2;74;222;128m✓[0m performance persona defined
  [38;2;74;222;128m✓[0m maintainability persona defined

[1mConfiguration[0m
  [38;2;74;222;128m✓[0m SIMULATION_MAX_ROUNDS env var supported
  [38;2;74;222;128m✓[0m daemon-config.json checked

[1mEvent Emission[0m
  [38;2;74;222;128m✓[0m emits simulation.objection events
  [38;2;74;222;128m✓[0m emits simulation.complete events
  [38;2;74;222;128m✓[0m emits simulation.addressed events




[2m  ──────────────────────────────────────────[0m

  [38;2;74;222;128m[1mAll 0 tests passed[0m



[38;2;0;212;255m[1m  Shipwright Discovery Tests[0m
[2m  ══════════════════════════════════════════[0m

[2m  ══════════════════════════════════════════[0m

  [38;2;0;212;255mhelp command[0m
  [38;2;74;222;128m✓[0m help exits 0
  [38;2;74;222;128m✓[0m help shows usage
  [38;2;74;222;128m✓[0m help shows commands
  [38;2;74;222;128m✓[0m --help exits 0

  [38;2;0;212;255merror handling[0m
  [38;2;74;222;128m✓[0m unknown command exits 1
  [38;2;74;222;128m✓[0m unknown command shows error
  [38;2;74;222;128m✓[0m broadcast without args exits 1
  [38;2;74;222;128m✓[0m query without args exits 1
  [38;2;74;222;128m✓[0m inject without args exits 1

  [38;2;0;212;255mbroadcast subcommand[0m
  [38;2;74;222;128m✓[0m broadcast exits 0
  [38;2;74;222;128m✓[0m broadcast confirms
  [38;2;74;222;128m✓[0m discoveries.jsonl created
  [38;2;74;222;128m✓[0m discoveries.jsonl contains valid JSON

  [38;2;0;212;255mquery subcommand[0m
  [38;2;74;222;128m✓[0m query exits 0
  [38;2;74;222;128m✓[0m query finds discovery
  [38;2;74;222;128m✓[0m query non-match exits 0
  [38;2;74;222;128m✓[0m query reports no discoveries

  [38;2;0;212;255mstatus subcommand[0m
  [38;2;74;222;128m✓[0m status exits 0
  [38;2;74;222;128m✓[0m status shows total

  [38;2;0;212;255mclean subcommand[0m
  [38;2;74;222;128m✓[0m clean exits 0
  [38;2;74;222;128m✓[0m clean reports result

  [38;2;0;212;255minject subcommand[0m
  [38;2;74;222;128m✓[0m inject exits 0

  [38;2;0;212;255minternal patterns_overlap[0m
  [38;2;74;222;128m✓[0m patterns_overlap matches same pattern
  [38;2;74;222;128m✓[0m patterns_overlap rejects different paths

  [38;2;0;212;255mprioritize subcommand[0m
  [38;2;74;222;128m✓[0m prioritize security exits 0
  [38;2;74;222;128m✓[0m prioritize assigns P0
  [38;2;74;222;128m✓[0m prioritize assigns P3

  [38;2;0;212;255mscore subcommand[0m
  [38;2;74;222;128m✓[0m score exits 0
  [38;2;74;222;128m✓[0m score returns numeric result: 89

  [38;2;0;212;255macknowledge subcommand[0m
  [38;2;74;222;128m✓[0m acknowledge exits 0
  [38;2;74;222;128m✓[0m consumption file created
  [38;2;74;222;128m✓[0m consumption count incremented

  [38;2;0;212;255mconsumption stats[0m
  [38;2;74;222;128m✓[0m consumption stats valid JSON
  [38;2;74;222;128m✓[0m consumption count correct

  [38;2;0;212;255mmemory promotion[0m
  [38;2;74;222;128m✓[0m promotion function exists

  [38;2;0;212;255mfleet broadcast[0m
  [38;2;74;222;128m✓[0m fleet broadcast function exists



[2m  ──────────────────────────────────────────[0m

  [38;2;74;222;128m[1mAll 36 tests passed[0m



[38;2;0;212;255m[1m  Shipwright Doc Fleet Tests[0m
[2m  ══════════════════════════════════════════[0m

[2m  ══════════════════════════════════════════[0m

[1m  Help[0m
  [38;2;74;222;128m✓[0m help shows title
  [38;2;74;222;128m✓[0m help shows commands section
  [38;2;74;222;128m✓[0m help shows fleet roles section
  [38;2;74;222;128m✓[0m help shows examples
  [38;2;74;222;128m✓[0m --help flag works
  [38;2;74;222;128m✓[0m unknown command shows error
[1m  Roles[0m
  [38;2;74;222;128m✓[0m roles lists doc-architect
  [38;2;74;222;128m✓[0m roles lists claude-md
  [38;2;74;222;128m✓[0m roles lists strategy-curator
  [38;2;74;222;128m✓[0m roles lists pattern-writer
  [38;2;74;222;128m✓[0m roles lists readme-optimizer
[1m  Audit[0m
  [38;2;74;222;128m✓[0m audit shows health header
  [38;2;74;222;128m✓[0m audit shows health score
  [38;2;74;222;128m✓[0m audit checks doc inventory
  [38;2;74;222;128m✓[0m audit checks CLAUDE.md
  [38;2;74;222;128m✓[0m audit checks agent roles
  [38;2;74;222;128m✓[0m audit creates state file
  [38;2;74;222;128m✓[0m audit records health score (91%)
[1m  Launch[0m
  [38;2;74;222;128m✓[0m launch dry-run shows header
  [38;2;74;222;128m✓[0m launch dry-run mentions dry-run
  [38;2;74;222;128m✓[0m launch dry-run lists doc-architect
  [38;2;74;222;128m✓[0m launch dry-run lists claude-md
  [38;2;74;222;128m✓[0m launch dry-run lists strategy-curator
  [38;2;74;222;128m✓[0m launch dry-run lists pattern-writer
  [38;2;74;222;128m✓[0m launch dry-run lists readme-optimizer
  [38;2;74;222;128m✓[0m launch dry-run shows agent count
  [38;2;74;222;128m✓[0m launch specific role shows role
  [38;2;74;222;128m✓[0m launch specific role shows 1 agent
  [38;2;74;222;128m✓[0m launch invalid role shows error
[1m  Status[0m
  [38;2;74;222;128m✓[0m status shows header
  [38;2;74;222;128m✓[0m status shows last run
  [38;2;74;222;128m✓[0m status shows health score
  [38;2;74;222;128m✓[0m status shows session list
[1m  Manifest[0m
  [38;2;74;222;128m✓[0m manifest shows generation
  [38;2;74;222;128m✓[0m manifest file created
  [38;2;74;222;128m✓[0m manifest has documents (16)
[1m  Report[0m
  [38;2;74;222;128m✓[0m report shows header
  [38;2;74;222;128m✓[0m report shows inventory
  [38;2;74;222;128m✓[0m report shows volume
  [38;2;74;222;128m✓[0m report shows fleet state
  [38;2;74;222;128m✓[0m report json shows JSON
  [38;2;74;222;128m✓[0m JSON report file created
[1m  Retire[0m
  [38;2;74;222;128m✓[0m retire shows retiring
  [38;2;74;222;128m✓[0m retire shows count
[1m  State Persistence[0m
  [38;2;74;222;128m✓[0m status shows run count after commands
[1m  Events[0m
  [38;2;74;222;128m✓[0m doc_fleet events logged (8 events)
[1m  Aliases[0m
  [38;2;74;222;128m✓[0m start alias works
  [38;2;74;222;128m✓[0m stop alias works



[2m  ──────────────────────────────────────────[0m

  [38;2;74;222;128m[1mAll 48 tests passed[0m



[38;2;0;212;255m[1m  Shipwright Docs Agent Tests[0m
[2m  ══════════════════════════════════════════[0m

[2m  ══════════════════════════════════════════[0m

[1m  Help[0m
  [38;2;74;222;128m✓[0m help shows usage
  [38;2;74;222;128m✓[0m help shows commands
  [38;2;74;222;128m✓[0m --help flag works
  [38;2;74;222;128m✓[0m unknown command shows error
[1m  Coverage[0m
  [38;2;74;222;128m✓[0m coverage shows header
  [38;2;74;222;128m✓[0m coverage shows total scripts
[1m  API Reference[0m
  [38;2;74;222;128m✓[0m api generation succeeds
  [38;2;74;222;128m✓[0m api file has title
[1m  Wiki[0m
  [38;2;74;222;128m✓[0m wiki generation succeeds
  [38;2;74;222;128m✓[0m wiki directory created
[1m  Scan[0m
  [38;2;74;222;128m✓[0m scan shows scanning
[1m  Sync[0m
  [38;2;74;222;128m✓[0m sync shows sync complete
[1m  Impact[0m
  [38;2;74;222;128m✓[0m impact shows analysis
[1m  State[0m
  [38;2;74;222;128m✓[0m docs-agent home directory exists



[2m  ──────────────────────────────────────────[0m

  [38;2;74;222;128m[1mAll 14 tests passed[0m


[38;2;0;212;255m[1m╔═══════════════════════════════════════════════════╗[0m
[38;2;0;212;255m[1m║  shipwright docs — Test Suite                     ║[0m
[38;2;0;212;255m[1m╚═══════════════════════════════════════════════════╝[0m

[2mSetting up test environment...[0m

[38;2;168;85;247m[1mAUTO Section Discovery[0m
  [38;2;0;212;255m▸[0m find_auto_files discovers CLAUDE.md... [38;2;74;222;128mPASS[0m
  [38;2;0;212;255m▸[0m get_sections extracts section IDs... [38;2;74;222;128mPASS[0m

[38;2;168;85;247m[1mSection Generators[0m
  [38;2;0;212;255m▸[0m Architecture table has headers and scripts... [38;2;74;222;128mPASS[0m
  [38;2;0;212;255m▸[0m Architecture table includes CLI router... [38;2;74;222;128mPASS[0m
  [38;2;0;212;255m▸[0m Feature flags table with intelligence config... [38;2;74;222;128mPASS[0m
  [38;2;0;212;255m▸[0m Test suites table picks up test files... [38;2;74;222;128mPASS[0m

[38;2;168;85;247m[1mSection Check & Replace[0m
  [38;2;0;212;255m▸[0m check_section detects fresh vs stale... [38;2;74;222;128mPASS[0m
  [38;2;0;212;255m▸[0m replace_section updates content between markers... [38;2;74;222;128mPASS[0m

[38;2;168;85;247m[1mSubcommands[0m
  [38;2;0;212;255m▸[0m docs check returns 1 when stale... [38;2;74;222;128mPASS[0m
  [38;2;0;212;255m▸[0m docs sync then check returns 0 (fresh)... [38;2;74;222;128mPASS[0m
  [38;2;0;212;255m▸[0m docs sync is idempotent... [38;2;74;222;128mPASS[0m

[38;2;168;85;247m[1mCLI & Help[0m
  [38;2;0;212;255m▸[0m Help output contains all subcommands... [38;2;74;222;128mPASS[0m
  [38;2;0;212;255m▸[0m Unknown command exits with error... [38;2;74;222;128mPASS[0m
  [38;2;0;212;255m▸[0m Default (no args) shows help... [38;2;74;222;128mPASS[0m

[38;2;168;85;247m[1mEdge Cases[0m
  [38;2;0;212;255m▸[0m No AUTO markers returns 0... [38;2;74;222;128mPASS[0m
  [38;2;0;212;255m▸[0m Multiple sections all get processed... [38;2;74;222;128mPASS[0m
  [38;2;0;212;255m▸[0m Purpose extracted from script headers... [38;2;74;222;128mPASS[0m
  [38;2;0;212;255m▸[0m Wiki dry-run succeeds... [38;2;74;222;128mPASS[0m

[2m  ──────────────────────────────────────────[0m
  [38;2;74;222;128m[1m18 passed[0m  [38;2;248;113;113m[1m0 failed[0m  [2m(18 total)[0m



[38;2;0;212;255m[1m  Shipwright Doctor Tests[0m
[2m  ══════════════════════════════════════════[0m

[2m  ══════════════════════════════════════════[0m

[2m  execution[0m
  [38;2;74;222;128m✓[0m doctor runs without crash
  [38;2;74;222;128m✓[0m output shows PREREQUISITES
  [38;2;74;222;128m✓[0m detects tmux
  [38;2;74;222;128m✓[0m detects jq
  [38;2;74;222;128m✓[0m detects Claude Code CLI
  [38;2;74;222;128m✓[0m detects git

[2m  structure[0m
  [38;2;74;222;128m✓[0m VERSION variable defined
  [38;2;74;222;128m✓[0m Uses set -euo pipefail
  [38;2;74;222;128m✓[0m ERR trap is set
  [38;2;74;222;128m✓[0m check_pass helper defined
  [38;2;74;222;128m✓[0m check_fail helper defined
  [38;2;74;222;128m✓[0m output shows Shipwright header

[2m  check logic for tools[0m
  [38;2;74;222;128m✓[0m Source checks for tmux
  [38;2;74;222;128m✓[0m Source checks for jq
  [38;2;74;222;128m✓[0m Source checks for Claude CLI
  [38;2;74;222;128m✓[0m Source checks for git
  [38;2;74;222;128m✓[0m Source checks for gh

[2m  version flag[0m
  [38;2;74;222;128m✓[0m --version outputs sw-doctor and version
  [38;2;74;222;128m✓[0m -V short flag works

[2m  missing tool handling[0m
  [38;2;74;222;128m✓[0m Doctor reports when jq missing from PATH
  [38;2;74;222;128m✓[0m output includes PREREQUISITES section
  [38;2;74;222;128m✓[0m output includes INSTALLED FILES section

[2m  auto-fix mode[0m
  [38;2;74;222;128m✓[0m --fix-dry flag shows dry-run output
✗ Overlay not found: ~/.tmux/shipwright-overlay.conf
✗ No ~/.claude/settings.json — agent teams not configured
✗ Overlay not found — pane display features unavailable
WARN: Unknown event type 'doctor_fix' — update config/event-schema.json
WARN: Unknown event type 'doctor_fix' — update config/event-schema.json
WARN: Unknown event type 'doctor_fix' — update config/event-schema.json
  [38;2;74;222;128m✓[0m --fix creates .claude directories
  [38;2;74;222;128m✓[0m --fix creates ~/.shipwright directories
  [38;2;74;222;128m✓[0m --fix creates valid daemon-config.json
  [38;2;74;222;128m✓[0m --fix creates valid settings.json
  [38;2;74;222;128m✓[0m --fix creates valid budget.json
✗ No ~/.claude/settings.json — agent teams not configured
  [38;2;74;222;128m✓[0m --fix is idempotent (second run succeeds)
✗ No ~/.claude/settings.json — agent teams not configured
  [38;2;74;222;128m✓[0m --fix handles existing config files safely
  [38;2;74;222;128m✓[0m --fix without other args works
  [38;2;74;222;128m✓[0m Auto-fix output shows AUTO-FIX SUMMARY
  [38;2;74;222;128m✓[0m Auto-fix reports what was fixed



[2m  ──────────────────────────────────────────[0m

  [38;2;74;222;128m[1mAll 0 tests passed[0m



[38;2;0;212;255m[1m  shipwright dora test[0m
[2m  ══════════════════════════════════════════[0m

[2m  ══════════════════════════════════════════[0m

[1mScript Safety[0m
  [38;2;74;222;128m✓[0m set -euo pipefail present
  [38;2;74;222;128m✓[0m ERR trap present
  [38;2;74;222;128m✓[0m source guard uses if/then/fi pattern

[1mVersion[0m
  [38;2;74;222;128m✓[0m VERSION variable defined

[1mHelp Output[0m
  [38;2;74;222;128m✓[0m help contains USAGE
  [38;2;74;222;128m✓[0m help contains show subcommand
  [38;2;74;222;128m✓[0m help contains dx subcommand
  [38;2;74;222;128m✓[0m help contains ai subcommand
  [38;2;74;222;128m✓[0m help contains trends subcommand
  [38;2;74;222;128m✓[0m help contains compare subcommand
  [38;2;74;222;128m✓[0m help contains export subcommand
  [38;2;74;222;128m✓[0m help contains DORA BANDS
  [38;2;74;222;128m✓[0m --help flag works

[1mError Handling[0m
  [38;2;74;222;128m✓[0m unknown command exits non-zero
  [38;2;74;222;128m✓[0m unknown command error message

[1mShow Subcommand (no events)[0m
  [38;2;74;222;128m✓[0m show displays DORA Metrics
  [38;2;74;222;128m✓[0m show displays Deploy Frequency
  [38;2;74;222;128m✓[0m show displays Lead Time
  [38;2;74;222;128m✓[0m show displays Change Failure Rate
  [38;2;74;222;128m✓[0m show displays MTTR

[1mDX Subcommand[0m
  [38;2;74;222;128m✓[0m dx displays Developer Experience

[1mAI Subcommand[0m
  [38;2;74;222;128m✓[0m ai displays AI Performance Metrics

[1mExport Subcommand[0m
  [38;2;74;222;128m✓[0m export produces JSON with timestamp
  [38;2;74;222;128m✓[0m export contains current_period
  [38;2;74;222;128m✓[0m export contains previous_period

[1mTrends Subcommand[0m
  [38;2;74;222;128m✓[0m trends displays Trends heading

[1mCompare Subcommand[0m
  [38;2;74;222;128m✓[0m compare displays Period Comparison

[1mDORA Band Classification[0m
  [38;2;74;222;128m✓[0m classify_band function defined
  [38;2;74;222;128m✓[0m Elite band classification
  [38;2;74;222;128m✓[0m High band classification
  [38;2;74;222;128m✓[0m Medium band classification
  [38;2;74;222;128m✓[0m Low band classification

[1mTrend Arrows[0m
  [38;2;74;222;128m✓[0m trend_arrow function defined




[2m  ──────────────────────────────────────────[0m

  [38;2;74;222;128m[1mAll 0 tests passed[0m



[38;2;0;212;255m[1m  Shipwright Durable Tests[0m
[2m  ══════════════════════════════════════════[0m

[2m  ══════════════════════════════════════════[0m

[2m  help / version[0m
  [38;2;74;222;128m✓[0m help exits 0
  [38;2;74;222;128m✓[0m help shows USAGE
  [38;2;74;222;128m✓[0m help mentions publish
  [38;2;74;222;128m✓[0m help mentions consume
  [38;2;74;222;128m✓[0m help mentions checkpoint
  [38;2;74;222;128m✓[0m help mentions lock
  [38;2;74;222;128m✓[0m help mentions compact
  [38;2;74;222;128m✓[0m help mentions status
  [38;2;74;222;128m✓[0m VERSION variable defined

[2m  publish events[0m
  [38;2;74;222;128m✓[0m publish exits 0
  [38;2;74;222;128m✓[0m WAL file created
  [38;2;74;222;128m✓[0m Event written to WAL

[2m  error handling[0m
  [38;2;74;222;128m✓[0m publish without args exits non-zero
  [38;2;74;222;128m✓[0m Unknown command exits non-zero

[2m  status command[0m
  [38;2;74;222;128m✓[0m status exits 0

[2m  checkpointing[0m
  [38;2;74;222;128m✓[0m checkpoint save exits 0
  [38;2;74;222;128m✓[0m Checkpoint file created
  [38;2;74;222;128m✓[0m checkpoint restore exits 0

[2m  distributed locks[0m
  [38;2;74;222;128m✓[0m lock acquire exits 0
  [38;2;74;222;128m✓[0m lock release exits 0

[2m  script safety[0m
  [38;2;74;222;128m✓[0m Uses set -euo pipefail
  [38;2;74;222;128m✓[0m Has source guard pattern



[2m  ──────────────────────────────────────────[0m

  [38;2;74;222;128m[1mAll 0 tests passed[0m



[38;2;0;212;255m[1m  Shipwright E2E Orchestrator Tests[0m
[2m  ══════════════════════════════════════════[0m

[2m  ══════════════════════════════════════════[0m

  [38;2;74;222;128m✓[0m help shows usage text
  [38;2;74;222;128m✓[0m help exits 0
  [38;2;74;222;128m✓[0m --help flag works
  [38;2;74;222;128m✓[0m unknown command exits nonzero
  [38;2;74;222;128m✓[0m registry file created on init
  [38;2;74;222;128m✓[0m registry is valid JSON
  [38;2;74;222;128m✓[0m registry has >= 3 default suites
  [38;2;74;222;128m✓[0m register adds suite
  [38;2;74;222;128m✓[0m duplicate register fails
  [38;2;74;222;128m✓[0m quarantine adds test
  [38;2;74;222;128m✓[0m quarantine list has entry
  [38;2;74;222;128m✓[0m report handles no results
  [38;2;74;222;128m✓[0m flaky handles no history



[2m  ──────────────────────────────────────────[0m

  [38;2;74;222;128m[1mAll 0 tests passed[0m



[38;2;0;212;255m[1m  Shipwright Eventbus Tests[0m
[2m  ══════════════════════════════════════════[0m

[2m  ══════════════════════════════════════════[0m

  [38;2;0;212;255mhelp command[0m
  [38;2;74;222;128m✓[0m help exits 0
  [38;2;74;222;128m✓[0m help shows usage
  [38;2;74;222;128m✓[0m help shows subcommands
  [38;2;74;222;128m✓[0m --help exits 0

  [38;2;0;212;255merror handling[0m
  [38;2;74;222;128m✓[0m unknown command exits 1
  [38;2;74;222;128m✓[0m unknown command shows error

  [38;2;0;212;255mstatus subcommand[0m
  [38;2;74;222;128m✓[0m status exits 0 with empty bus
  [38;2;74;222;128m✓[0m status shows title

  [38;2;0;212;255mpublish subcommand[0m
  [38;2;74;222;128m✓[0m publish exits 0
  [38;2;74;222;128m✓[0m publish confirms
  [38;2;74;222;128m✓[0m events.jsonl created
  [38;2;74;222;128m✓[0m events.jsonl contains published event type
  [38;2;74;222;128m✓[0m events.jsonl contains correlation_id
  [38;2;74;222;128m✓[0m eventbus has 3+ events after multi-publish

  [38;2;0;212;255mstatus with events[0m
  [38;2;74;222;128m✓[0m status with events exits 0
  [38;2;74;222;128m✓[0m status shows total events
  [38;2;74;222;128m✓[0m status shows events by type

  [38;2;0;212;255mclean subcommand[0m
  [38;2;74;222;128m✓[0m clean exits 0
  [38;2;74;222;128m✓[0m clean reports result

  [38;2;0;212;255mreplay subcommand[0m
  [38;2;74;222;128m✓[0m replay exits 0
  [38;2;74;222;128m✓[0m replay shows replaying

  [38;2;0;212;255mpublish error handling[0m
  [38;2;74;222;128m✓[0m publish with empty type exits 1
  [38;2;74;222;128m✓[0m watch with missing dir exits 1
  [38;2;74;222;128m✓[0m watch shows dir error



[2m  ──────────────────────────────────────────[0m

  [38;2;74;222;128m[1mAll 24 tests passed[0m



[38;2;0;212;255m[1m  Shipwright Feedback Tests[0m
[2m  ══════════════════════════════════════════[0m

[2m  ══════════════════════════════════════════[0m

  [38;2;0;212;255mhelp command[0m
  [38;2;74;222;128m✓[0m help exits 0
  [38;2;74;222;128m✓[0m help shows usage
  [38;2;74;222;128m✓[0m help shows subcommands
  [38;2;74;222;128m✓[0m --help exits 0

  [38;2;0;212;255merror handling[0m
  [38;2;74;222;128m✓[0m unknown command exits 1
  [38;2;74;222;128m✓[0m unknown command shows error

  [38;2;0;212;255mcollect subcommand[0m
  [38;2;74;222;128m✓[0m collect on empty dir exits 0
  [38;2;74;222;128m✓[0m collect shows collecting
  [38;2;74;222;128m✓[0m collect shows save path

  [38;2;0;212;255mcollect with error log[0m
  [38;2;74;222;128m✓[0m collect with errors exits 0
  [38;2;74;222;128m✓[0m collect reports errors

  [38;2;0;212;255manalyze subcommand[0m
  [38;2;74;222;128m✓[0m analyze missing file exits 1
  [38;2;74;222;128m✓[0m analyze shows not found
  [38;2;74;222;128m✓[0m analyze exits 0
  [38;2;74;222;128m✓[0m analyze shows report

  [38;2;0;212;255mlearn subcommand[0m
  [38;2;74;222;128m✓[0m learn exits 0
  [38;2;74;222;128m✓[0m learn confirms capture
  [38;2;74;222;128m✓[0m incidents.jsonl created
  [38;2;74;222;128m✓[0m incidents.jsonl has valid JSONL

  [38;2;0;212;255mreport subcommand[0m
  [38;2;74;222;128m✓[0m report exits 0
  [38;2;74;222;128m✓[0m report shows incidents
  [38;2;74;222;128m✓[0m report shows total
  [38;2;74;222;128m✓[0m report no incidents exits 0
  [38;2;74;222;128m✓[0m report says no incidents

  [38;2;0;212;255mcreate-issue subcommand[0m
  [38;2;74;222;128m✓[0m create-issue with NO_GITHUB exits 0
  [38;2;74;222;128m✓[0m create-issue skips with NO_GITHUB

  [38;2;0;212;255mpost-merge monitoring[0m
  [38;2;74;222;128m✓[0m post-merge exits 0
  [38;2;74;222;128m✓[0m post-merge shows monitoring
  [38;2;74;222;128m✓[0m post-merge creates monitoring file
  [38;2;74;222;128m✓[0m monitoring has merge_sha
  [38;2;74;222;128m✓[0m monitoring has environment

  [38;2;0;212;255mregression detection[0m
  [38;2;74;222;128m✓[0m regression detection outputs valid JSON
  [38;2;74;222;128m✓[0m no regression flag
  [38;2;74;222;128m✓[0m deploy failure detects regression
  [38;2;74;222;128m✓[0m deploy failure is P0
  [38;2;74;222;128m✓[0m deploy failure type
